Archive member included to satisfy reference by file (symbol)

C:/ST/STM32CubeIDE_2.0.0/STM32CubeIDE/plugins/com.st.stm32cube.ide.mcu.externaltools.gnu-tools-for-stm32.13.3.rel1.win32_1.0.100.202509120712/tools/bin/../lib/gcc/arm-none-eabi/13.3.1/../../../../arm-none-eabi/lib/thumb/v7e-m+fp/hard\libc_nano.a(libc_a-exit.o)
                              C:/ST/STM32CubeIDE_2.0.0/STM32CubeIDE/plugins/com.st.stm32cube.ide.mcu.externaltools.gnu-tools-for-stm32.13.3.rel1.win32_1.0.100.202509120712/tools/bin/../lib/gcc/arm-none-eabi/13.3.1/../../../../arm-none-eabi/lib/thumb/v7e-m+fp/hard/crt0.o (exit)
C:/ST/STM32CubeIDE_2.0.0/STM32CubeIDE/plugins/com.st.stm32cube.ide.mcu.externaltools.gnu-tools-for-stm32.13.3.rel1.win32_1.0.100.202509120712/tools/bin/../lib/gcc/arm-none-eabi/13.3.1/../../../../arm-none-eabi/lib/thumb/v7e-m+fp/hard\libc_nano.a(libc_a-nano-vfprintf_float.o)
                              (_printf_float)
C:/ST/STM32CubeIDE_2.0.0/STM32CubeIDE/plugins/com.st.stm32cube.ide.mcu.externaltools.gnu-tools-for-stm32.13.3.rel1.win32_1.0.100.202509120712/tools/bin/../lib/gcc/arm-none-eabi/13.3.1/../../../../arm-none-eabi/lib/thumb/v7e-m+fp/hard\libc_nano.a(libc_a-nano-vfprintf_i.o)
                              C:/ST/STM32CubeIDE_2.0.0/STM32CubeIDE/plugins/com.st.stm32cube.ide.mcu.externaltools.gnu-tools-for-stm32.13.3.rel1.win32_1.0.100.202509120712/tools/bin/../lib/gcc/arm-none-eabi/13.3.1/../../../../arm-none-eabi/lib/thumb/v7e-m+fp/hard\libc_nano.a(libc_a-nano-vfprintf_float.o) (_printf_common)
C:/ST/STM32CubeIDE_2.0.0/STM32CubeIDE/plugins/com.st.stm32cube.ide.mcu.externaltools.gnu-tools-for-stm32.13.3.rel1.win32_1.0.100.202509120712/tools/bin/../lib/gcc/arm-none-eabi/13.3.1/../../../../arm-none-eabi/lib/thumb/v7e-m+fp/hard\libc_nano.a(libc_a-nano-vfscanf_float.o)
                              (_scanf_float)
C:/ST/STM32CubeIDE_2.0.0/STM32CubeIDE/plugins/com.st.stm32cube.ide.mcu.externaltools.gnu-tools-for-stm32.13.3.rel1.win32_1.0.100.202509120712/tools/bin/../lib/gcc/arm-none-eabi/13.3.1/../../../../arm-none-eabi/lib/thumb/v7e-m+fp/hard\libc_nano.a(libc_a-findfp.o)
                              ./Middlewares/Third_Party/FreeRTOS/Source/tasks.o (__sf)
C:/ST/STM32CubeIDE_2.0.0/STM32CubeIDE/plugins/com.st.stm32cube.ide.mcu.externaltools.gnu-tools-for-stm32.13.3.rel1.win32_1.0.100.202509120712/tools/bin/../lib/gcc/arm-none-eabi/13.3.1/../../../../arm-none-eabi/lib/thumb/v7e-m+fp/hard\libc_nano.a(libc_a-fwalk.o)
                              C:/ST/STM32CubeIDE_2.0.0/STM32CubeIDE/plugins/com.st.stm32cube.ide.mcu.externaltools.gnu-tools-for-stm32.13.3.rel1.win32_1.0.100.202509120712/tools/bin/../lib/gcc/arm-none-eabi/13.3.1/../../../../arm-none-eabi/lib/thumb/v7e-m+fp/hard\libc_nano.a(libc_a-findfp.o) (_fwalk_sglue)
C:/ST/STM32CubeIDE_2.0.0/STM32CubeIDE/plugins/com.st.stm32cube.ide.mcu.externaltools.gnu-tools-for-stm32.13.3.rel1.win32_1.0.100.202509120712/tools/bin/../lib/gcc/arm-none-eabi/13.3.1/../../../../arm-none-eabi/lib/thumb/v7e-m+fp/hard\libc_nano.a(libc_a-printf.o)
                              ./Core/Src/ADS131A04.o (printf)
C:/ST/STM32CubeIDE_2.0.0/STM32CubeIDE/plugins/com.st.stm32cube.ide.mcu.externaltools.gnu-tools-for-stm32.13.3.rel1.win32_1.0.100.202509120712/tools/bin/../lib/gcc/arm-none-eabi/13.3.1/../../../../arm-none-eabi/lib/thumb/v7e-m+fp/hard\libc_nano.a(libc_a-puts.o)
                              ./Core/Src/PMU.o (puts)
C:/ST/STM32CubeIDE_2.0.0/STM32CubeIDE/plugins/com.st.stm32cube.ide.mcu.externaltools.gnu-tools-for-stm32.13.3.rel1.win32_1.0.100.202509120712/tools/bin/../lib/gcc/arm-none-eabi/13.3.1/../../../../arm-none-eabi/lib/thumb/v7e-m+fp/hard\libc_nano.a(libc_a-sprintf.o)
                              C:/ST/STM32CubeIDE_2.0.0/STM32CubeIDE/plugins/com.st.stm32cube.ide.mcu.externaltools.gnu-tools-for-stm32.13.3.rel1.win32_1.0.100.202509120712/tools/bin/../lib/gcc/arm-none-eabi/13.3.1/../../../../arm-none-eabi/lib/thumb/v7e-m+fp/hard\libc_nano.a(libc_a-nano-vfscanf_float.o) (sprintf)
C:/ST/STM32CubeIDE_2.0.0/STM32CubeIDE/plugins/com.st.stm32cube.ide.mcu.externaltools.gnu-tools-for-stm32.13.3.rel1.win32_1.0.100.202509120712/tools/bin/../lib/gcc/arm-none-eabi/13.3.1/../../../../arm-none-eabi/lib/thumb/v7e-m+fp/hard\libc_nano.a(libc_a-stdio.o)
                              C:/ST/STM32CubeIDE_2.0.0/STM32CubeIDE/plugins/com.st.stm32cube.ide.mcu.externaltools.gnu-tools-for-stm32.13.3.rel1.win32_1.0.100.202509120712/tools/bin/../lib/gcc/arm-none-eabi/13.3.1/../../../../arm-none-eabi/lib/thumb/v7e-m+fp/hard\libc_nano.a(libc_a-findfp.o) (__sread)
C:/ST/STM32CubeIDE_2.0.0/STM32CubeIDE/plugins/com.st.stm32cube.ide.mcu.externaltools.gnu-tools-for-stm32.13.3.rel1.win32_1.0.100.202509120712/tools/bin/../lib/gcc/arm-none-eabi/13.3.1/../../../../arm-none-eabi/lib/thumb/v7e-m+fp/hard\libc_nano.a(libc_a-wbuf.o)
[...]
Memory Configuration

Name             Origin             Length             Attributes
RAM              0x20000000         0x00050000         xrw
FLASH            0x08000000         0x00100000         xr
*default*        0x00000000         0xffffffff

Linker script and memory map

LOAD C:/ST/STM32CubeIDE_2.0.0/STM32CubeIDE/plugins/com.st.stm32cube.ide.mcu.externaltools.gnu-tools-for-stm32.13.3.rel1.win32_1.0.100.202509120712/tools/bin/../lib/gcc/arm-none-eabi/13.3.1/thumb/v7e-m+fp/hard/crti.o
LOAD C:/ST/STM32CubeIDE_2.0.0/STM32CubeIDE/plugins/com.st.stm32cube.ide.mcu.externaltools.gnu-tools-for-stm32.13.3.rel1.win32_1.0.100.202509120712/tools/bin/../lib/gcc/arm-none-eabi/13.3.1/thumb/v7e-m+fp/hard/crtbegin.o
LOAD C:/ST/STM32CubeIDE_2.0.0/STM32CubeIDE/plugins/com.st.stm32cube.ide.mcu.externaltools.gnu-tools-for-stm32.13.3.rel1.win32_1.0.100.202509120712/tools/bin/../lib/gcc/arm-none-eabi/13.3.1/../../../../arm-none-eabi/lib/thumb/v7e-m+fp/hard/crt0.o
LOAD ./Core/Src/ADS131A04.o
LOAD ./Core/Src/EEPROM.o
LOAD ./Core/Src/PMU.o
LOAD ./Core/Src/freertos.o
LOAD ./Core/Src/gpio.o
LOAD ./Core/Src/i2c.o
LOAD ./Core/Src/main.o
LOAD ./Core/Src/spi.o
LOAD ./Core/Src/stm32f7xx_hal_msp.o
LOAD ./Core/Src/stm32f7xx_hal_timebase_tim.o
LOAD ./Core/Src/stm32f7xx_it.o
LOAD ./Core/Src/syscalls.o
LOAD ./Core/Src/sysmem.o
LOAD ./Core/Src/system_stm32f7xx.o
LOAD ./Core/Src/usart.o
LOAD ./Core/Src/usb_otg.o
LOAD ./Core/Startup/startup_stm32f746zgtx.o
LOAD ./Drivers/STM32F7xx_HAL_Driver/Src/stm32f7xx_hal.o
LOAD ./Drivers/STM32F7xx_HAL_Driver/Src/stm32f7xx_hal_cortex.o
LOAD ./Drivers/STM32F7xx_HAL_Driver/Src/stm32f7xx_hal_dma.o
LOAD ./Drivers/STM32F7xx_HAL_Driver/Src/stm32f7xx_hal_dma_ex.o
LOAD ./Drivers/STM32F7xx_HAL_Driver/Src/stm32f7xx_hal_exti.o
LOAD ./Drivers/STM32F7xx_HAL_Driver/Src/stm32f7xx_hal_flash.o
LOAD ./Drivers/STM32F7xx_HAL_Driver/Src/stm32f7xx_hal_flash_ex.o
LOAD ./Drivers/STM32F7xx_HAL_Driver/Src/stm32f7xx_hal_gpio.o
LOAD ./Drivers/STM32F7xx_HAL_Driver/Src/stm32f7xx_hal_i2c.o
LOAD ./Drivers/STM32F7xx_HAL_Driver/Src/stm32f7xx_hal_i2c_ex.o
LOAD ./Drivers/STM32F7xx_HAL_Driver/Src/stm32f7xx_hal_pwr.o
LOAD ./Drivers/STM32F7xx_HAL_Driver/Src/stm32f7xx_hal_pwr_ex.o
LOAD ./Drivers/STM32F7xx_HAL_Driver/Src/stm32f7xx_hal_rcc.o
LOAD ./Drivers/STM32F7xx_HAL_Driver/Src/stm32f7xx_hal_rcc_ex.o
LOAD ./Drivers/STM32F7xx_HAL_Driver/Src/stm32f7xx_hal_spi.o
LOAD ./Drivers/STM32F7xx_HAL_Driver/Src/stm32f7xx_hal_spi_ex.o
LOAD ./Drivers/STM32F7xx_HAL_Driver/Src/stm32f7xx_hal_tim.o
LOAD ./Drivers/STM32F7xx_HAL_Driver/Src/stm32f7xx_hal_tim_ex.o
LOAD ./Drivers/STM32F7xx_HAL_Driver/Src/stm32f7xx_hal_uart.o
LOAD ./Drivers/STM32F7xx_HAL_Driver/Src/stm32f7xx_hal_uart_ex.o
LOAD ./Middlewares/Third_Party/FreeRTOS/Source/CMSIS_RTOS_V2/cmsis_os2.o
LOAD ./Middlewares/Third_Party/FreeRTOS/Source/croutine.o
LOAD ./Middlewares/Third_Party/FreeRTOS/Source/event_groups.o
LOAD ./Middlewares/Third_Party/FreeRTOS/Source/list.o
LOAD ./Middlewares/Third_Party/FreeRTOS/Source/queue.o
LOAD ./Middlewares/Third_Party/FreeRTOS/Source/stream_buffer.o
LOAD ./Middlewares/Third_Party/FreeRTOS/Source/tasks.o
LOAD ./Middlewares/Third_Party/FreeRTOS/Source/timers.o
LOAD ./Middlewares/Third_Party/FreeRTOS/Source/portable/GCC/ARM_CM7/r0p1/port.o
LOAD ./Middlewares/Third_Party/FreeRTOS/Source/portable/MemMang/heap_4.o
START GROUP
LOAD C:/ST/STM32CubeIDE_2.0.0/STM32CubeIDE/plugins/com.st.stm32cube.ide.mcu.externaltools.gnu-tools-for-stm32.13.3.rel1.win32_1.0.100.202509120712/tools/bin/../lib/gcc/arm-none-eabi/13.3.1/../../../../arm-none-eabi/lib/thumb/v7e-m+fp/hard\libstdc++_nano.a
LOAD C:/ST/STM32CubeIDE_2.0.0/STM32CubeIDE/plugins/com.st.stm32cube.ide.mcu.externaltools.gnu-tools-for-stm32.13.3.rel1.win32_1.0.100.202509120712/tools/bin/../lib/gcc/arm-none-eabi/13.3.1/../../../../arm-none-eabi/lib/thumb/v7e-m+fp/hard\libsupc++_nano.a
END GROUP
LOAD C:/ST/STM32CubeIDE_2.0.0/STM32CubeIDE/plugins/com.st.stm32cube.ide.mcu.externaltools.gnu-tools-for-stm32.13.3.rel1.win32_1.0.100.202509120712/tools/bin/../lib/gcc/arm-none-eabi/13.3.1/../../../../arm-none-eabi/lib/thumb/v7e-m+fp/hard\libstdc++_nano.a
LOAD C:/ST/STM32CubeIDE_2.0.0/STM32CubeIDE/plugins/com.st.stm32cube.ide.mcu.externaltools.gnu-tools-for-stm32.13.3.rel1.win32_1.0.100.202509120712/tools/bin/../lib/gcc/arm-none-eabi/13.3.1/../../../../arm-none-eabi/lib/thumb/v7e-m+fp/hard\libm.a
LOAD C:/ST/STM32CubeIDE_2.0.0/STM32CubeIDE/plugins/com.st.stm32cube.ide.mcu.externaltools.gnu-tools-for-stm32.13.3.rel1.win32_1.0.100.202509120712/tools/bin/../lib/gcc/arm-none-eabi/13.3.1/../../../../arm-none-eabi/lib/thumb/v7e-m+fp/hard\libc_nano.a
START GROUP
LOAD C:/ST/STM32CubeIDE_2.0.0/STM32CubeIDE/plugins/com.st.stm32cube.ide.mcu.externaltools.gnu-tools-for-stm32.13.3.rel1.win32_1.0.100.202509120712/tools/bin/../lib/gcc/arm-none-eabi/13.3.1/thumb/v7e-m+fp/hard\libgcc.a
LOAD C:/ST/STM32CubeIDE_2.0.0/STM32CubeIDE/plugins/com.st.stm32cube.ide.mcu.externaltools.gnu-tools-for-stm32.13.3.rel1.win32_1.0.100.202509120712/tools/bin/../lib/gcc/arm-none-eabi/13.3.1/../../../../arm-none-eabi/lib/thumb/v7e-m+fp/hard\libc_nano.a
END GROUP
START GROUP
LOAD C:/ST/STM32CubeIDE_2.0.0/STM32CubeIDE/plugins/com.st.stm32cube.ide.mcu.externaltools.gnu-tools-for-stm32.13.3.rel1.win32_1.0.100.202509120712/tools/bin/../lib/gcc/arm-none-eabi/13.3.1/thumb/v7e-m+fp/hard\libgcc.a
LOAD C:/ST/STM32CubeIDE_2.0.0/STM32CubeIDE/plugins/com.st.stm32cube.ide.mcu.externaltools.gnu-tools-for-stm32.13.3.rel1.win32_1.0.100.202509120712/tools/bin/../lib/gcc/arm-none-eabi/13.3.1/../../../../arm-none-eabi/lib/thumb/v7e-m+fp/hard\libc_nano.a
END GROUP
LOAD C:/ST/STM32CubeIDE_2.0.0/STM32CubeIDE/plugins/com.st.stm32cube.ide.mcu.externaltools.gnu-tools-for-stm32.13.3.rel1.win32_1.0.100.202509120712/tools/bin/../lib/gcc/arm-none-eabi/13.3.1/thumb/v7e-m+fp/hard/crtend.o
LOAD C:/ST/STM32CubeIDE_2.0.0/STM32CubeIDE/plugins/com.st.stm32cube.ide.mcu.externaltools.gnu-tools-for-stm32.13.3.rel1.win32_1.0.100.202509120712/tools/bin/../lib/gcc/arm-none-eabi/13.3.1/thumb/v7e-m+fp/hard/crtn.o
                0x20050000                        _estack = (ORIGIN (RAM) + LENGTH (RAM))
                0x00000200                        _Min_Heap_Size = 0x200
                0x00000400                        _Min_Stack_Size = 0x400

.isr_vector     0x08000000      0x1c8
                0x08000000                        . = ALIGN (0x4)
 *(.isr_vector)
 .isr_vector    0x08000000      0x1c8 ./Core/Startup/startup_stm32f746zgtx.o
                0x08000000                g_pfnVectors
                0x080001c8                        . = ALIGN (0x4)

.text           0x080001d0     0xc3ec
                0x080001d0                        . = ALIGN (0x4)
 *(.text)
 .text          0x080001d0       0x40 C:/ST/STM32CubeIDE_2.0.0/STM32CubeIDE/plugins/com.st.stm32cube.ide.mcu.externaltools.gnu-tools-for-stm32.13.3.rel1.win32_1.0.100.202509120712/tools/bin/../lib/gcc/arm-none-eabi/13.3.1/thumb/v7e-m+fp/hard/crtbegin.o
 .text          0x08000210       0xa0 C:/ST/STM32CubeIDE_2.0.0/STM32CubeIDE/plugins/com.st.stm32cube.ide.mcu.externaltools.gnu-tools-for-stm32.13.3.rel1.win32_1.0.100.202509120712/tools/bin/../lib/gcc/arm-none-eabi/13.3.1/../../../../arm-none-eabi/lib/thumb/v7e-m+fp/hard\libc_nano.a(libc_a-memchr.o)
                0x08000210                memchr
 .text          0x080002b0       0x10 C:/ST/STM32CubeIDE_2.0.0/STM32CubeIDE/plugins/com.st.stm32cube.ide.mcu.externaltools.gnu-tools-for-stm32.13.3.rel1.win32_1.0.100.202509120712/tools/bin/../lib/gcc/arm-none-eabi/13.3.1/../../../../arm-none-eabi/lib/thumb/v7e-m+fp/hard\libc_nano.a(libc_a-strlen.o)
                0x080002b0                strlen
 .text          0x080002c0      0x378 C:/ST/STM32CubeIDE_2.0.0/STM32CubeIDE/plugins/com.st.stm32cube.ide.mcu.externaltools.gnu-tools-for-stm32.13.3.rel1.win32_1.0.100.202509120712/tools/bin/../lib/gcc/arm-none-eabi/13.3.1/thumb/v7e-m+fp/hard\libgcc.a(_arm_addsubdf3.o)
                0x080002c0                __aeabi_drsub
                0x080002c8                __aeabi_dsub
                0x080002c8                __subdf3
                0x080002cc                __aeabi_dadd
                0x080002cc                __adddf3
                0x08000544                __floatunsidf
                0x08000544                __aeabi_ui2d
                0x08000564                __floatsidf
                0x08000564                __aeabi_i2d
                0x08000588                __aeabi_f2d
                0x08000588                __extendsfdf2
                0x080005cc                __floatundidf
                0x080005cc                __aeabi_ul2d
                0x080005dc                __floatdidf
                0x080005dc                __aeabi_l2d
 .text          0x08000638      0x424 C:/ST/STM32CubeIDE_2.0.0/STM32CubeIDE/plugins/com.st.stm32cube.ide.mcu.externaltools.gnu-tools-for-stm32.13.3.rel1.win32_1.0.100.202509120712/tools/bin/../lib/gcc/arm-none-eabi/13.3.1/thumb/v7e-m+fp/hard\libgcc.a(_arm_muldivdf3.o)
                0x08000638                __aeabi_dmul
                0x08000638                __muldf3
                0x0800088c                __divdf3
                0x0800088c                __aeabi_ddiv
 .text          0x08000a5c      0x110 C:/ST/STM32CubeIDE_2.0.0/STM32CubeIDE/plugins/com.st.stm32cube.ide.mcu.externaltools.gnu-tools-for-stm32.13.3.rel1.win32_1.0.100.202509120712/tools/bin/../lib/gcc/arm-none-eabi/13.3.1/thumb/v7e-m+fp/hard\libgcc.a(_arm_cmpdf2.o)
                0x08000a5c                __gtdf2
                0x08000a5c                __gedf2
                0x08000a64                __ltdf2
                0x08000a64                __ledf2
                0x08000a6c                __nedf2
                0x08000a6c                __eqdf2
                0x08000a6c                __cmpdf2
                0x08000ae8                __aeabi_cdrcmple
                0x08000af8                __aeabi_cdcmpeq
                0x08000af8                __aeabi_cdcmple
                0x08000b08                __aeabi_dcmpeq
                0x08000b1c                __aeabi_dcmplt
                0x08000b30                __aeabi_dcmple
                0x08000b44                __aeabi_dcmpge
                0x08000b58                __aeabi_dcmpgt
 .text          0x08000b6c       0x2c C:/ST/STM32CubeIDE_2.0.0/STM32CubeIDE/plugins/com.st.stm32cube.ide.mcu.externaltools.gnu-tools-for-stm32.13.3.rel1.win32_1.0.100.202509120712/tools/bin/../lib/gcc/arm-none-eabi/13.3.1/thumb/v7e-m+fp/hard\libgcc.a(_arm_unorddf2.o)
                0x08000b6c                __unorddf2
                0x08000b6c                __aeabi_dcmpun
 .text          0x08000b98       0x50 C:/ST/STM32CubeIDE_2.0.0/STM32CubeIDE/plugins/com.st.stm32cube.ide.mcu.externaltools.gnu-tools-for-stm32.13.3.rel1.win32_1.0.100.202509120712/tools/bin/../lib/gcc/arm-none-eabi/13.3.1/thumb/v7e-m+fp/hard\libgcc.a(_arm_fixdfsi.o)
                0x08000b98                __aeabi_d2iz
                0x08000b98                __fixdfsi
 .text          0x08000be8       0x40 C:/ST/STM32CubeIDE_2.0.0/STM32CubeIDE/plugins/com.st.stm32cube.ide.mcu.externaltools.gnu-tools-for-stm32.13.3.rel1.win32_1.0.100.202509120712/tools/bin/../lib/gcc/arm-none-eabi/13.3.1/thumb/v7e-m+fp/hard\libgcc.a(_arm_fixunsdfsi.o)
                0x08000be8                __aeabi_d2uiz
                0x08000be8                __fixunsdfsi
 .text          0x08000c28       0xa0 C:/ST/STM32CubeIDE_2.0.0/STM32CubeIDE/plugins/com.st.stm32cube.ide.mcu.externaltools.gnu-tools-for-stm32.13.3.rel1.win32_1.0.100.202509120712/tools/bin/../lib/gcc/arm-none-eabi/13.3.1/thumb/v7e-m+fp/hard\libgcc.a(_arm_truncdfsf2.o)
                0x08000c28                __truncdfsf2
                0x08000c28                __aeabi_d2f
 .text          0x08000cc8       0x30 C:/ST/STM32CubeIDE_2.0.0/STM32CubeIDE/plugins/com.st.stm32cube.ide.mcu.externaltools.gnu-tools-for-stm32.13.3.rel1.win32_1.0.100.202509120712/tools/bin/../lib/gcc/arm-none-eabi/13.3.1/thumb/v7e-m+fp/hard\libgcc.a(_aeabi_uldivmod.o)
                0x08000cc8                __aeabi_uldivmod
 .text          0x08000cf8       0x30 C:/ST/STM32CubeIDE_2.0.0/STM32CubeIDE/plugins/com.st.stm32cube.ide.mcu.externaltools.gnu-tools-for-stm32.13.3.rel1.win32_1.0.100.202509120712/tools/bin/../lib/gcc/arm-none-eabi/13.3.1/thumb/v7e-m+fp/hard\libgcc.a(_fixdfdi.o)
                0x08000cf8                __fixdfdi
                0x08000cf8                __aeabi_d2lz
 .text          0x08000d28       0x3c C:/ST/STM32CubeIDE_2.0.0/STM32CubeIDE/plugins/com.st.stm32cube.ide.mcu.externaltools.gnu-tools-for-stm32.13.3.rel1.win32_1.0.100.202509120712/tools/bin/../lib/gcc/arm-none-eabi/13.3.1/thumb/v7e-m+fp/hard\libgcc.a(_fixunsdfdi.o)
                0x08000d28                __fixunsdfdi
                0x08000d28                __aeabi_d2ulz
 .text          0x08000d64      0x2f8 C:/ST/STM32CubeIDE_2.0.0/STM32CubeIDE/plugins/com.st.stm32cube.ide.mcu.externaltools.gnu-tools-for-stm32.13.3.rel1.win32_1.0.100.202509120712/tools/bin/../lib/gcc/arm-none-eabi/13.3.1/thumb/v7e-m+fp/hard\libgcc.a(_udivmoddi4.o)
                0x08000d64                __udivmoddi4
 .text          0x0800105c        0x4 C:/ST/STM32CubeIDE_2.0.0/STM32CubeIDE/plugins/com.st.stm32cube.ide.mcu.externaltools.gnu-tools-for-stm32.13.3.rel1.win32_1.0.100.202509120712/tools/bin/../lib/gcc/arm-none-eabi/13.3.1/thumb/v7e-m+fp/hard\libgcc.a(_dvmd_tls.o)
                0x0800105c                __aeabi_idiv0
                0x0800105c                __aeabi_ldiv0
 *(.text*)
 .text._ZN14ADS131A04IPBSRC2Ev
                0x08001060       0x16 ./Core/Src/ADS131A04.o
                0x08001060                ADS131A04IPBSR::ADS131A04IPBSR()
                0x08001060                ADS131A04IPBSR::ADS131A04IPBSR()
 .text._ZN14ADS131A04IPBSRD2Ev
                0x08001076       0x16 ./Core/Src/ADS131A04.o
                0x08001076                ADS131A04IPBSR::~ADS131A04IPBSR()
                0x08001076                ADS131A04IPBSR::~ADS131A04IPBSR()
 .text._ZN13EEPROM24FC06415LoadCalibrationEP17CalibrationData_t
                0x0800108c       0x44 ./Core/Src/EEPROM.o
                0x0800108c                EEPROM24FC064::LoadCalibration(CalibrationData_t*)
 .text._ZN13EEPROM24FC064C2Et
                0x080010d0       0x20 ./Core/Src/PMU.o
                0x080010d0                EEPROM24FC064::EEPROM24FC064(unsigned short)
                0x080010d0                EEPROM24FC064::EEPROM24FC064(unsigned short)
 .text._ZN3PMUC2Ev
                0x080010f0       0x26 ./Core/Src/PMU.o
                0x080010f0                PMU::PMU()
                0x080010f0                PMU::PMU()
 .text._ZN3PMUD2Ev
                0x08001116       0x1a ./Core/Src/PMU.o
                0x08001116                PMU::~PMU()
                0x08001116                PMU::~PMU()
 .text._ZN3PMU4InitEv
                0x08001130       0x6c ./Core/Src/PMU.o
                0x08001130                PMU::Init()
 .text._ZN3PMU11MeasureVoltEv
                0x0800119c       0x50 ./Core/Src/PMU.o
                0x0800119c                PMU::MeasureVolt()
 .text.MX_FREERTOS_Init
                0x080011ec       0x30 ./Core/Src/freertos.o
                0x080011ec                MX_FREERTOS_Init
 .text.StartDefaultTask
                0x0800121c       0x24 ./Core/Src/freertos.o
                0x0800121c                StartDefaultTask
 .text.MX_GPIO_Init
                0x08001240      0x120 ./Core/Src/gpio.o
                0x08001240                MX_GPIO_Init
 .text.MX_I2C4_Init
                0x08001360       0x80 ./Core/Src/i2c.o
                0x08001360                MX_I2C4_Init
 .text.HAL_I2C_MspInit
                0x080013e0       0xc0 ./Core/Src/i2c.o
                0x080013e0                HAL_I2C_MspInit
 .text.main     0x080014a0       0x38 ./Core/Src/main.o
                0x080014a0                main
 .text._Z18SystemClock_Configv
                0x080014d8       0xf8 ./Core/Src/main.o
                0x080014d8                SystemClock_Config()
 .text.__io_putchar
                0x080015d0       0x24 ./Core/Src/main.o
                0x080015d0                __io_putchar
 .text._ZL10MPU_Configv
                0x080015f4       0x58 ./Core/Src/main.o
 .text.Error_Handler
                0x0800164c        0xc ./Core/Src/main.o
                0x0800164c                Error_Handler
 .text._Z41__static_initialization_and_destruction_0v
                0x08001658       0x14 ./Core/Src/main.o
 .text._Z41__static_initialization_and_destruction_1v
                0x0800166c       0x14 ./Core/Src/main.o
 .text._GLOBAL__sub_I_myPMU
                0x08001680        0xa ./Core/Src/main.o
 .text._GLOBAL__sub_D_myPMU
                0x0800168a        0xa ./Core/Src/main.o
 .text.MX_SPI2_Init
                0x08001694       0x7c ./Core/Src/spi.o
                0x08001694                MX_SPI2_Init
 .text.MX_SPI3_Init
                0x08001710       0x7c ./Core/Src/spi.o
                0x08001710                MX_SPI3_Init
 .text.HAL_SPI_MspInit
                0x0800178c      0x1f4 ./Core/Src/spi.o
                0x0800178c                HAL_SPI_MspInit
 .text.HAL_MspInit
                0x08001980       0x50 ./Core/Src/stm32f7xx_hal_msp.o
                0x08001980                HAL_MspInit
 .text.HAL_InitTick
                0x080019d0       0xe4 ./Core/Src/stm32f7xx_hal_timebase_tim.o
                0x080019d0                HAL_InitTick
 .text.NMI_Handler
                0x08001ab4        0x8 ./Core/Src/stm32f7xx_it.o
                0x08001ab4                NMI_Handler
 .text.HardFault_Handler
                0x08001abc        0x8 ./Core/Src/stm32f7xx_it.o
                0x08001abc                HardFault_Handler
 .text.MemManage_Handler
                0x08001ac4        0x8 ./Core/Src/stm32f7xx_it.o
                0x08001ac4                MemManage_Handler
 .text.BusFault_Handler
                0x08001acc        0x8 ./Core/Src/stm32f7xx_it.o
                0x08001acc                BusFault_Handler
 .text.UsageFault_Handler
                0x08001ad4        0x8 ./Core/Src/stm32f7xx_it.o
                0x08001ad4                UsageFault_Handler
 .text.DebugMon_Handler
                0x08001adc        0xe ./Core/Src/stm32f7xx_it.o
                0x08001adc                DebugMon_Handler
 *fill*         0x08001aea        0x2 
 .text.TIM1_UP_TIM10_IRQHandler
                0x08001aec       0x14 ./Core/Src/stm32f7xx_it.o
                0x08001aec                TIM1_UP_TIM10_IRQHandler
 .text.HAL_TIM_PeriodElapsedCallback
                0x08001b00       0x24 ./Core/Src/stm32f7xx_it.o
                0x08001b00                HAL_TIM_PeriodElapsedCallback
 .text._getpid  0x08001b24       0x10 ./Core/Src/syscalls.o
                0x08001b24                _getpid
 .text._kill    0x08001b34       0x20 ./Core/Src/syscalls.o
                0x08001b34                _kill
 .text._exit    0x08001b54       0x16 ./Core/Src/syscalls.o
                0x08001b54                _exit
 .text._read    0x08001b6a       0x3a ./Core/Src/syscalls.o
                0x08001b6a                _read
 .text._write   0x08001ba4       0x38 ./Core/Src/syscalls.o
                0x08001ba4                _write
 .text._close   0x08001bdc       0x18 ./Core/Src/syscalls.o
                0x08001bdc                _close
 .text._fstat   0x08001bf4       0x20 ./Core/Src/syscalls.o
                0x08001bf4                _fstat
 .text._isatty  0x08001c14       0x16 ./Core/Src/syscalls.o
                0x08001c14                _isatty
 .text._lseek   0x08001c2a       0x1a ./Core/Src/syscalls.o
                0x08001c2a                _lseek
 .text._sbrk    0x08001c44       0x6c ./Core/Src/sysmem.o
                0x08001c44                _sbrk
 .text.SystemInit
                0x08001cb0       0x24 ./Core/Src/system_stm32f7xx.o
                0x08001cb0                SystemInit
 .text.MX_USART3_UART_Init
                0x08001cd4       0x60 ./Core/Src/usart.o
                0x08001cd4                MX_USART3_UART_Init
 .text.HAL_UART_MspInit
                0x08001d34       0xc0 ./Core/Src/usart.o
                0x08001d34                HAL_UART_MspInit
 .text.MX_USB_OTG_HS_USB_Init
                0x08001df4        0xe ./Core/Src/usb_otg.o
                0x08001df4                MX_USB_OTG_HS_USB_Init
 *fill*         0x08001e02        0x2 
 .text.Reset_Handler
                0x08001e04       0x50 ./Core/Startup/startup_stm32f746zgtx.o
                0x08001e04                Reset_Handler
 .text.Default_Handler
                0x08001e54        0x2 ./Core/Startup/startup_stm32f746zgtx.o
                0x08001e54                RTC_Alarm_IRQHandler
                0x08001e54                EXTI2_IRQHandler
                0x08001e54                TIM8_CC_IRQHandler
                0x08001e54                UART8_IRQHandler
                0x08001e54                SPI4_IRQHandler
                0x08001e54                TIM1_CC_IRQHandler
                0x08001e54                DMA2_Stream5_IRQHandler
                0x08001e54                DMA1_Stream5_IRQHandler
                0x08001e54                PVD_IRQHandler
                0x08001e54                TAMP_STAMP_IRQHandler
                0x08001e54                CAN2_RX1_IRQHandler
                0x08001e54                EXTI3_IRQHandler
                0x08001e54                TIM8_TRG_COM_TIM14_IRQHandler
                0x08001e54                TIM8_UP_TIM13_IRQHandler
                0x08001e54                I2C3_ER_IRQHandler
                0x08001e54                EXTI0_IRQHandler
                0x08001e54                I2C2_EV_IRQHandler
                0x08001e54                DMA1_Stream2_IRQHandler
                0x08001e54                CAN1_RX0_IRQHandler
                0x08001e54                FPU_IRQHandler
                0x08001e54                OTG_HS_WKUP_IRQHandler
                0x08001e54                LTDC_ER_IRQHandler
                0x08001e54                CAN2_SCE_IRQHandler
                0x08001e54                DMA2_Stream2_IRQHandler
                0x08001e54                SPI1_IRQHandler
                0x08001e54                TIM6_DAC_IRQHandler
                0x08001e54                TIM1_BRK_TIM9_IRQHandler
                0x08001e54                DCMI_IRQHandler
                0x08001e54                CAN2_RX0_IRQHandler
                0x08001e54                DMA2_Stream3_IRQHandler
                0x08001e54                SAI2_IRQHandler
                0x08001e54                USART6_IRQHandler
                0x08001e54                USART3_IRQHandler
                0x08001e54                CAN1_RX1_IRQHandler
                0x08001e54                UART5_IRQHandler
                0x08001e54                DMA2_Stream0_IRQHandler
                0x08001e54                TIM4_IRQHandler
                0x08001e54                QUADSPI_IRQHandler
                0x08001e54                I2C1_EV_IRQHandler
                0x08001e54                DMA1_Stream6_IRQHandler
                0x08001e54                DMA1_Stream1_IRQHandler
                0x08001e54                UART4_IRQHandler
                0x08001e54                TIM3_IRQHandler
                0x08001e54                RCC_IRQHandler
                0x08001e54                TIM8_BRK_TIM12_IRQHandler
                0x08001e54                Default_Handler
                0x08001e54                CEC_IRQHandler
                0x08001e54                EXTI15_10_IRQHandler
                0x08001e54                ADC_IRQHandler
                0x08001e54                DMA1_Stream7_IRQHandler
                0x08001e54                SPI5_IRQHandler
                0x08001e54                TIM7_IRQHandler
                0x08001e54                SDMMC1_IRQHandler
                0x08001e54                CAN2_TX_IRQHandler
                0x08001e54                TIM5_IRQHandler
                0x08001e54                DMA2_Stream7_IRQHandler
                0x08001e54                I2C3_EV_IRQHandler
                0x08001e54                EXTI9_5_IRQHandler
                0x08001e54                RTC_WKUP_IRQHandler
                0x08001e54                LTDC_IRQHandler
                0x08001e54                ETH_WKUP_IRQHandler
                0x08001e54                SPDIF_RX_IRQHandler
                0x08001e54                SPI2_IRQHandler
                0x08001e54                OTG_HS_EP1_IN_IRQHandler
                0x08001e54                DMA1_Stream0_IRQHandler
                0x08001e54                CAN1_TX_IRQHandler
                0x08001e54                EXTI4_IRQHandler
                0x08001e54                RNG_IRQHandler
                0x08001e54                ETH_IRQHandler
                0x08001e54                OTG_HS_EP1_OUT_IRQHandler
                0x08001e54                WWDG_IRQHandler
                0x08001e54                SPI6_IRQHandler
                0x08001e54                I2C4_EV_IRQHandler
                0x08001e54                TIM2_IRQHandler
                0x08001e54                OTG_FS_WKUP_IRQHandler
                0x08001e54                TIM1_TRG_COM_TIM11_IRQHandler
                0x08001e54                OTG_HS_IRQHandler
                0x08001e54                DMA2D_IRQHandler
                0x08001e54                EXTI1_IRQHandler
                0x08001e54                UART7_IRQHandler
                0x08001e54                USART2_IRQHandler
                0x08001e54                I2C2_ER_IRQHandler
                0x08001e54                DMA2_Stream1_IRQHandler
                0x08001e54                CAN1_SCE_IRQHandler
                0x08001e54                FLASH_IRQHandler
                0x08001e54                DMA2_Stream4_IRQHandler
                0x08001e54                USART1_IRQHandler
                0x08001e54                OTG_FS_IRQHandler
                0x08001e54                SPI3_IRQHandler
                0x08001e54                DMA1_Stream4_IRQHandler
                0x08001e54                I2C1_ER_IRQHandler
                0x08001e54                FMC_IRQHandler
                0x08001e54                LPTIM1_IRQHandler
                0x08001e54                I2C4_ER_IRQHandler
                0x08001e54                DMA2_Stream6_IRQHandler
                0x08001e54                SAI1_IRQHandler
                0x08001e54                DMA1_Stream3_IRQHandler
 .text.HAL_Init
                0x08001e56       0x1a ./Drivers/STM32F7xx_HAL_Driver/Src/stm32f7xx_hal.o
                0x08001e56                HAL_Init
 .text.HAL_IncTick
                0x08001e70       0x28 ./Drivers/STM32F7xx_HAL_Driver/Src/stm32f7xx_hal.o
                0x08001e70                HAL_IncTick
 .text.HAL_GetTick
                0x08001e98       0x18 ./Drivers/STM32F7xx_HAL_Driver/Src/stm32f7xx_hal.o
                0x08001e98                HAL_GetTick
 .text.__NVIC_SetPriorityGrouping
                0x08001eb0       0x48 ./Drivers/STM32F7xx_HAL_Driver/Src/stm32f7xx_hal_cortex.o
 .text.__NVIC_GetPriorityGrouping
                0x08001ef8       0x1c ./Drivers/STM32F7xx_HAL_Driver/Src/stm32f7xx_hal_cortex.o
 .text.__NVIC_EnableIRQ
                0x08001f14       0x3c ./Drivers/STM32F7xx_HAL_Driver/Src/stm32f7xx_hal_cortex.o
 .text.__NVIC_SetPriority
                0x08001f50       0x54 ./Drivers/STM32F7xx_HAL_Driver/Src/stm32f7xx_hal_cortex.o
 .text.NVIC_EncodePriority
                0x08001fa4       0x66 ./Drivers/STM32F7xx_HAL_Driver/Src/stm32f7xx_hal_cortex.o
 .text.HAL_NVIC_SetPriorityGrouping
                0x0800200a       0x16 ./Drivers/STM32F7xx_HAL_Driver/Src/stm32f7xx_hal_cortex.o
                0x0800200a                HAL_NVIC_SetPriorityGrouping
 .text.HAL_NVIC_SetPriority
                0x08002020       0x38 ./Drivers/STM32F7xx_HAL_Driver/Src/stm32f7xx_hal_cortex.o
                0x08002020                HAL_NVIC_SetPriority
 .text.HAL_NVIC_EnableIRQ
                0x08002058       0x1c ./Drivers/STM32F7xx_HAL_Driver/Src/stm32f7xx_hal_cortex.o
                0x08002058                HAL_NVIC_EnableIRQ
 .text.HAL_MPU_Disable
                0x08002074       0x30 ./Drivers/STM32F7xx_HAL_Driver/Src/stm32f7xx_hal_cortex.o
                0x08002074                HAL_MPU_Disable
 .text.HAL_MPU_Enable
                0x080020a4       0x40 ./Drivers/STM32F7xx_HAL_Driver/Src/stm32f7xx_hal_cortex.o
                0x080020a4                HAL_MPU_Enable
 .text.HAL_MPU_ConfigRegion
                0x080020e4       0x80 ./Drivers/STM32F7xx_HAL_Driver/Src/stm32f7xx_hal_cortex.o
                0x080020e4                HAL_MPU_ConfigRegion
 .text.HAL_GPIO_Init
                0x08002164      0x358 ./Drivers/STM32F7xx_HAL_Driver/Src/stm32f7xx_hal_gpio.o
                0x08002164                HAL_GPIO_Init
 .text.HAL_I2C_Init
                0x080024bc      0x138 ./Drivers/STM32F7xx_HAL_Driver/Src/stm32f7xx_hal_i2c.o
                0x080024bc                HAL_I2C_Init
 .text.HAL_I2C_Mem_Read
                0x080025f4      0x234 ./Drivers/STM32F7xx_HAL_Driver/Src/stm32f7xx_hal_i2c.o
                0x080025f4                HAL_I2C_Mem_Read
 .text.I2C_RequestMemoryRead
                0x08002828       0xa8 ./Drivers/STM32F7xx_HAL_Driver/Src/stm32f7xx_hal_i2c.o
 .text.I2C_Flush_TXDR
                0x080028d0       0x48 ./Drivers/STM32F7xx_HAL_Driver/Src/stm32f7xx_hal_i2c.o
 .text.I2C_WaitOnFlagUntilTimeout
                0x08002918       0xb2 ./Drivers/STM32F7xx_HAL_Driver/Src/stm32f7xx_hal_i2c.o
 .text.I2C_WaitOnTXISFlagUntilTimeout
                0x080029ca       0x8e ./Drivers/STM32F7xx_HAL_Driver/Src/stm32f7xx_hal_i2c.o
 .text.I2C_WaitOnSTOPFlagUntilTimeout
                0x08002a58       0x86 ./Drivers/STM32F7xx_HAL_Driver/Src/stm32f7xx_hal_i2c.o
 *fill*         0x08002ade        0x2 
 .text.I2C_IsErrorOccurred
                0x08002ae0      0x1c0 ./Drivers/STM32F7xx_HAL_Driver/Src/stm32f7xx_hal_i2c.o
 .text.I2C_TransferConfig
                0x08002ca0       0x64 ./Drivers/STM32F7xx_HAL_Driver/Src/stm32f7xx_hal_i2c.o
 .text.HAL_I2CEx_ConfigAnalogFilter
                0x08002d04       0x96 ./Drivers/STM32F7xx_HAL_Driver/Src/stm32f7xx_hal_i2c_ex.o
                0x08002d04                HAL_I2CEx_ConfigAnalogFilter
 .text.HAL_I2CEx_ConfigDigitalFilter
                0x08002d9a       0x98 ./Drivers/STM32F7xx_HAL_Driver/Src/stm32f7xx_hal_i2c_ex.o
                0x08002d9a                HAL_I2CEx_ConfigDigitalFilter
 *fill*         0x08002e32        0x2 
 .text.HAL_PWREx_EnableOverDrive
                0x08002e34       0xa0 ./Drivers/STM32F7xx_HAL_Driver/Src/stm32f7xx_hal_pwr_ex.o
                0x08002e34                HAL_PWREx_EnableOverDrive
 .text.HAL_RCC_OscConfig
                0x08002ed4      0x548 ./Drivers/STM32F7xx_HAL_Driver/Src/stm32f7xx_hal_rcc.o
                0x08002ed4                HAL_RCC_OscConfig
 .text.HAL_RCC_ClockConfig
                0x0800341c      0x1d8 ./Drivers/STM32F7xx_HAL_Driver/Src/stm32f7xx_hal_rcc.o
                0x0800341c                HAL_RCC_ClockConfig
 .text.HAL_RCC_GetSysClockFreq
                0x080035f4      0x18c ./Drivers/STM32F7xx_HAL_Driver/Src/stm32f7xx_hal_rcc.o
                0x080035f4                HAL_RCC_GetSysClockFreq
 .text.HAL_RCC_GetHCLKFreq
                0x08003780       0x18 ./Drivers/STM32F7xx_HAL_Driver/Src/stm32f7xx_hal_rcc.o
                0x08003780                HAL_RCC_GetHCLKFreq
 .text.HAL_RCC_GetPCLK1Freq
                0x08003798       0x28 ./Drivers/STM32F7xx_HAL_Driver/Src/stm32f7xx_hal_rcc.o
                0x08003798                HAL_RCC_GetPCLK1Freq
 .text.HAL_RCC_GetPCLK2Freq
                0x080037c0       0x28 ./Drivers/STM32F7xx_HAL_Driver/Src/stm32f7xx_hal_rcc.o
                0x080037c0                HAL_RCC_GetPCLK2Freq
 .text.HAL_RCC_GetClockConfig
                0x080037e8       0x64 ./Drivers/STM32F7xx_HAL_Driver/Src/stm32f7xx_hal_rcc.o
                0x080037e8                HAL_RCC_GetClockConfig
 .text.HAL_RCCEx_PeriphCLKConfig
                0x0800384c      0x7e0 ./Drivers/STM32F7xx_HAL_Driver/Src/stm32f7xx_hal_rcc_ex.o
                0x0800384c                HAL_RCCEx_PeriphCLKConfig
 .text.HAL_SPI_Init
                0x0800402c      0x156 ./Drivers/STM32F7xx_HAL_Driver/Src/stm32f7xx_hal_spi.o
                0x0800402c                HAL_SPI_Init
 .text.HAL_TIM_Base_Init
                0x08004182       0xae ./Drivers/STM32F7xx_HAL_Driver/Src/stm32f7xx_hal_tim.o
                0x08004182                HAL_TIM_Base_Init
 .text.HAL_TIM_Base_MspInit
                0x08004230       0x14 ./Drivers/STM32F7xx_HAL_Driver/Src/stm32f7xx_hal_tim.o
                0x08004230                HAL_TIM_Base_MspInit
 .text.HAL_TIM_Base_Start_IT
                0x08004244       0xf0 ./Drivers/STM32F7xx_HAL_Driver/Src/stm32f7xx_hal_tim.o
                0x08004244                HAL_TIM_Base_Start_IT
 .text.HAL_TIM_IRQHandler
                0x08004334      0x20e ./Drivers/STM32F7xx_HAL_Driver/Src/stm32f7xx_hal_tim.o
                0x08004334                HAL_TIM_IRQHandler
 .text.HAL_TIM_OC_DelayElapsedCallback
                0x08004542       0x14 ./Drivers/STM32F7xx_HAL_Driver/Src/stm32f7xx_hal_tim.o
                0x08004542                HAL_TIM_OC_DelayElapsedCallback
 .text.HAL_TIM_IC_CaptureCallback
                0x08004556       0x14 ./Drivers/STM32F7xx_HAL_Driver/Src/stm32f7xx_hal_tim.o
                0x08004556                HAL_TIM_IC_CaptureCallback
 .text.HAL_TIM_PWM_PulseFinishedCallback
                0x0800456a       0x14 ./Drivers/STM32F7xx_HAL_Driver/Src/stm32f7xx_hal_tim.o
                0x0800456a                HAL_TIM_PWM_PulseFinishedCallback
 .text.HAL_TIM_TriggerCallback
                0x0800457e       0x14 ./Drivers/STM32F7xx_HAL_Driver/Src/stm32f7xx_hal_tim.o
                0x0800457e                HAL_TIM_TriggerCallback
 *fill*         0x08004592        0x2 
 .text.TIM_Base_SetConfig
                0x08004594      0x14c ./Drivers/STM32F7xx_HAL_Driver/Src/stm32f7xx_hal_tim.o
                0x08004594                TIM_Base_SetConfig
 .text.HAL_TIMEx_CommutCallback
                0x080046e0       0x14 ./Drivers/STM32F7xx_HAL_Driver/Src/stm32f7xx_hal_tim_ex.o
                0x080046e0                HAL_TIMEx_CommutCallback
 .text.HAL_TIMEx_BreakCallback
                0x080046f4       0x14 ./Drivers/STM32F7xx_HAL_Driver/Src/stm32f7xx_hal_tim_ex.o
                0x080046f4                HAL_TIMEx_BreakCallback
 .text.HAL_TIMEx_Break2Callback
                0x08004708       0x14 ./Drivers/STM32F7xx_HAL_Driver/Src/stm32f7xx_hal_tim_ex.o
                0x08004708                HAL_TIMEx_Break2Callback
 .text.HAL_UART_Init
                0x0800471c       0x9c ./Drivers/STM32F7xx_HAL_Driver/Src/stm32f7xx_hal_uart.o
                0x0800471c                HAL_UART_Init
 .text.HAL_UART_Transmit
                0x080047b8      0x112 ./Drivers/STM32F7xx_HAL_Driver/Src/stm32f7xx_hal_uart.o
                0x080047b8                HAL_UART_Transmit
 *fill*         0x080048ca        0x2 
 .text.UART_SetConfig
                0x080048cc      0x4c8 ./Drivers/STM32F7xx_HAL_Driver/Src/stm32f7xx_hal_uart.o
                0x080048cc                UART_SetConfig
 .text.UART_AdvFeatureConfig
                0x08004d94      0x144 ./Drivers/STM32F7xx_HAL_Driver/Src/stm32f7xx_hal_uart.o
                0x08004d94                UART_AdvFeatureConfig
 .text.UART_CheckIdleState
                0x08004ed8       0xae ./Drivers/STM32F7xx_HAL_Driver/Src/stm32f7xx_hal_uart.o
                0x08004ed8                UART_CheckIdleState
 .text.UART_WaitOnFlagUntilTimeout
                0x08004f86       0xda ./Drivers/STM32F7xx_HAL_Driver/Src/stm32f7xx_hal_uart.o
                0x08004f86                UART_WaitOnFlagUntilTimeout
 .text.UART_EndRxTransfer
                0x08005060       0xc8 ./Drivers/STM32F7xx_HAL_Driver/Src/stm32f7xx_hal_uart.o
 .text.SVC_Setup
                0x08005128        0xe ./Middlewares/Third_Party/FreeRTOS/Source/CMSIS_RTOS_V2/cmsis_os2.o
 *fill*         0x08005136        0x2 
 .text.osKernelInitialize
                0x08005138       0x68 ./Middlewares/Third_Party/FreeRTOS/Source/CMSIS_RTOS_V2/cmsis_os2.o
                0x08005138                osKernelInitialize
 .text.osKernelStart
                0x080051a0       0x6c ./Middlewares/Third_Party/FreeRTOS/Source/CMSIS_RTOS_V2/cmsis_os2.o
                0x080051a0                osKernelStart
 .text.osThreadNew
                0x0800520c      0x14c ./Middlewares/Third_Party/FreeRTOS/Source/CMSIS_RTOS_V2/cmsis_os2.o
                0x0800520c                osThreadNew
 .text.vApplicationGetIdleTaskMemory
                0x08005358       0x34 ./Middlewares/Third_Party/FreeRTOS/Source/CMSIS_RTOS_V2/cmsis_os2.o
                0x08005358                vApplicationGetIdleTaskMemory
 .text.vApplicationGetTimerTaskMemory
                0x0800538c       0x34 ./Middlewares/Third_Party/FreeRTOS/Source/CMSIS_RTOS_V2/cmsis_os2.o
                0x0800538c                vApplicationGetTimerTaskMemory
 .text.vListInitialise
                0x080053c0       0x40 ./Middlewares/Third_Party/FreeRTOS/Source/list.o
                0x080053c0                vListInitialise
 .text.vListInitialiseItem
                0x08005400       0x1a ./Middlewares/Third_Party/FreeRTOS/Source/list.o
                0x08005400                vListInitialiseItem
 .text.vListInsertEnd
                0x0800541a       0x48 ./Middlewares/Third_Party/FreeRTOS/Source/list.o
                0x0800541a                vListInsertEnd
 .text.vListInsert
                0x08005462       0x72 ./Middlewares/Third_Party/FreeRTOS/Source/list.o
                0x08005462                vListInsert
 .text.uxListRemove
                0x080054d4       0x54 ./Middlewares/Third_Party/FreeRTOS/Source/list.o
                0x080054d4                uxListRemove
 .text.xQueueGenericReset
                0x08005528       0xd8 ./Middlewares/Third_Party/FreeRTOS/Source/queue.o
                0x08005528                xQueueGenericReset
 .text.xQueueGenericCreateStatic
                0x08005600      0x10e ./Middlewares/Third_Party/FreeRTOS/Source/queue.o
                0x08005600                xQueueGenericCreateStatic
 .text.prvInitialiseNewQueue
                0x0800570e       0x46 ./Middlewares/Third_Party/FreeRTOS/Source/queue.o
 .text.xQueueGenericSend
                0x08005754      0x214 ./Middlewares/Third_Party/FreeRTOS/Source/queue.o
                0x08005754                xQueueGenericSend
 .text.xQueueGenericSendFromISR
                0x08005968      0x146 ./Middlewares/Third_Party/FreeRTOS/Source/queue.o
                0x08005968                xQueueGenericSendFromISR
 *fill*         0x08005aae        0x2 
 .text.xQueueReceive
                0x08005ab0      0x1d0 ./Middlewares/Third_Party/FreeRTOS/Source/queue.o
                0x08005ab0                xQueueReceive
 .text.prvCopyDataToQueue
                0x08005c80       0xd4 ./Middlewares/Third_Party/FreeRTOS/Source/queue.o
 .text.prvCopyDataFromQueue
                0x08005d54       0x4c ./Middlewares/Third_Party/FreeRTOS/Source/queue.o
 .text.prvUnlockQueue
                0x08005da0       0xa4 ./Middlewares/Third_Party/FreeRTOS/Source/queue.o
 .text.prvIsQueueEmpty
                0x08005e44       0x2c ./Middlewares/Third_Party/FreeRTOS/Source/queue.o
 .text.prvIsQueueFull
                0x08005e70       0x30 ./Middlewares/Third_Party/FreeRTOS/Source/queue.o
 .text.vQueueAddToRegistry
                0x08005ea0       0x54 ./Middlewares/Third_Party/FreeRTOS/Source/queue.o
                0x08005ea0                vQueueAddToRegistry
 .text.vQueueWaitForMessageRestricted
                0x08005ef4       0x68 ./Middlewares/Third_Party/FreeRTOS/Source/queue.o
                0x08005ef4                vQueueWaitForMessageRestricted
 .text.xTaskCreateStatic
                0x08005f5c       0xcc ./Middlewares/Third_Party/FreeRTOS/Source/tasks.o
                0x08005f5c                xTaskCreateStatic
 .text.xTaskCreate
                0x08006028       0x8a ./Middlewares/Third_Party/FreeRTOS/Source/tasks.o
                0x08006028                xTaskCreate
 *fill*         0x080060b2        0x2 
 .text.prvInitialiseNewTask
                0x080060b4      0x154 ./Middlewares/Third_Party/FreeRTOS/Source/tasks.o
 .text.prvAddNewTaskToReadyList
                0x08006208       0xe0 ./Middlewares/Third_Party/FreeRTOS/Source/tasks.o
 .text.vTaskDelay
                0x080062e8       0x70 ./Middlewares/Third_Party/FreeRTOS/Source/tasks.o
                0x080062e8                vTaskDelay
 .text.vTaskStartScheduler
                0x08006358       0xe8 ./Middlewares/Third_Party/FreeRTOS/Source/tasks.o
                0x08006358                vTaskStartScheduler
 .text.vTaskSuspendAll
                0x08006440       0x1c ./Middlewares/Third_Party/FreeRTOS/Source/tasks.o
                0x08006440                vTaskSuspendAll
 .text.xTaskResumeAll
                0x0800645c      0x140 ./Middlewares/Third_Party/FreeRTOS/Source/tasks.o
                0x0800645c                xTaskResumeAll
 .text.xTaskGetTickCount
                0x0800659c       0x20 ./Middlewares/Third_Party/FreeRTOS/Source/tasks.o
                0x0800659c                xTaskGetTickCount
 .text.xTaskIncrementTick
                0x080065bc      0x178 ./Middlewares/Third_Party/FreeRTOS/Source/tasks.o
                0x080065bc                xTaskIncrementTick
 .text.vTaskSwitchContext
                0x08006734       0xd0 ./Middlewares/Third_Party/FreeRTOS/Source/tasks.o
                0x08006734                vTaskSwitchContext
 .text.vTaskPlaceOnEventList
                0x08006804       0x50 ./Middlewares/Third_Party/FreeRTOS/Source/tasks.o
                0x08006804                vTaskPlaceOnEventList
 .text.vTaskPlaceOnEventListRestricted
                0x08006854       0x5c ./Middlewares/Third_Party/FreeRTOS/Source/tasks.o
                0x08006854                vTaskPlaceOnEventListRestricted
 .text.xTaskRemoveFromEventList
                0x080068b0       0xcc ./Middlewares/Third_Party/FreeRTOS/Source/tasks.o
                0x080068b0                xTaskRemoveFromEventList
 .text.vTaskInternalSetTimeOutState
                0x0800697c       0x2c ./Middlewares/Third_Party/FreeRTOS/Source/tasks.o
                0x0800697c                vTaskInternalSetTimeOutState
 .text.xTaskCheckForTimeOut
                0x080069a8       0xd0 ./Middlewares/Third_Party/FreeRTOS/Source/tasks.o
                0x080069a8                xTaskCheckForTimeOut
 .text.vTaskMissedYield
                0x08006a78       0x18 ./Middlewares/Third_Party/FreeRTOS/Source/tasks.o
                0x08006a78                vTaskMissedYield
 .text.prvIdleTask
                0x08006a90       0x30 ./Middlewares/Third_Party/FreeRTOS/Source/tasks.o
 .text.prvInitialiseTaskLists
                0x08006ac0       0x80 ./Middlewares/Third_Party/FreeRTOS/Source/tasks.o
 .text.prvCheckTasksWaitingTermination
                0x08006b40       0x5c ./Middlewares/Third_Party/FreeRTOS/Source/tasks.o
 .text.prvDeleteTCB
                0x08006b9c       0x6e ./Middlewares/Third_Party/FreeRTOS/Source/tasks.o
 *fill*         0x08006c0a        0x2 
 .text.prvResetNextTaskUnblockTime
                0x08006c0c       0x40 ./Middlewares/Third_Party/FreeRTOS/Source/tasks.o
 .text.xTaskGetSchedulerState
                0x08006c4c       0x3c ./Middlewares/Third_Party/FreeRTOS/Source/tasks.o
                0x08006c4c                xTaskGetSchedulerState
 .text.xTaskPriorityDisinherit
                0x08006c88       0xe8 ./Middlewares/Third_Party/FreeRTOS/Source/tasks.o
                0x08006c88                xTaskPriorityDisinherit
 .text.prvAddCurrentTaskToDelayedList
                0x08006d70       0xa8 ./Middlewares/Third_Party/FreeRTOS/Source/tasks.o
 .text.xTimerCreateTimerTask
                0x08006e18       0x98 ./Middlewares/Third_Party/FreeRTOS/Source/timers.o
                0x08006e18                xTimerCreateTimerTask
 .text.xTimerGenericCommand
                0x08006eb0       0xa0 ./Middlewares/Third_Party/FreeRTOS/Source/timers.o
                0x08006eb0                xTimerGenericCommand
 .text.prvProcessExpiredTimer
                0x08006f50       0xa0 ./Middlewares/Third_Party/FreeRTOS/Source/timers.o
 .text.prvTimerTask
                0x08006ff0       0x26 ./Middlewares/Third_Party/FreeRTOS/Source/timers.o
 *fill*         0x08007016        0x2 
 .text.prvProcessTimerOrBlockTask
                0x08007018       0x9c ./Middlewares/Third_Party/FreeRTOS/Source/timers.o
 .text.prvGetNextExpireTime
                0x080070b4       0x48 ./Middlewares/Third_Party/FreeRTOS/Source/timers.o
 .text.prvSampleTimeNow
                0x080070fc       0x40 ./Middlewares/Third_Party/FreeRTOS/Source/timers.o
 .text.prvInsertTimerInActiveList
                0x0800713c       0x84 ./Middlewares/Third_Party/FreeRTOS/Source/timers.o
 .text.prvProcessReceivedCommands
                0x080071c0      0x1d8 ./Middlewares/Third_Party/FreeRTOS/Source/timers.o
 .text.prvSwitchTimerLists
                0x08007398       0xd0 ./Middlewares/Third_Party/FreeRTOS/Source/timers.o
 .text.prvCheckForValidListAndQueue
                0x08007468       0x80 ./Middlewares/Third_Party/FreeRTOS/Source/timers.o
 .text.pxPortInitialiseStack
                0x080074e8       0x68 ./Middlewares/Third_Party/FreeRTOS/Source/portable/GCC/ARM_CM7/r0p1/port.o
                0x080074e8                pxPortInitialiseStack
 .text.prvTaskExitError
                0x08007550       0x64 ./Middlewares/Third_Party/FreeRTOS/Source/portable/GCC/ARM_CM7/r0p1/port.o
 *fill*         0x080075b4        0xc 
 .text.SVC_Handler
                0x080075c0       0x28 ./Middlewares/Third_Party/FreeRTOS/Source/portable/GCC/ARM_CM7/r0p1/port.o
                0x080075c0                SVC_Handler
 .text.prvPortStartFirstTask
                0x080075e8       0x28 ./Middlewares/Third_Party/FreeRTOS/Source/portable/GCC/ARM_CM7/r0p1/port.o
 .text.xPortStartScheduler
                0x08007610       0xfc ./Middlewares/Third_Party/FreeRTOS/Source/portable/GCC/ARM_CM7/r0p1/port.o
                0x08007610                xPortStartScheduler
 .text.vPortEnterCritical
                0x0800770c       0x6c ./Middlewares/Third_Party/FreeRTOS/Source/portable/GCC/ARM_CM7/r0p1/port.o
                0x0800770c                vPortEnterCritical
 .text.vPortExitCritical
                0x08007778       0x58 ./Middlewares/Third_Party/FreeRTOS/Source/portable/GCC/ARM_CM7/r0p1/port.o
                0x08007778                vPortExitCritical
 .text.PendSV_Handler
                0x080077d0       0x68 ./Middlewares/Third_Party/FreeRTOS/Source/portable/GCC/ARM_CM7/r0p1/port.o
                0x080077d0                PendSV_Handler
 .text.SysTick_Handler
                0x08007838       0x48 ./Middlewares/Third_Party/FreeRTOS/Source/portable/GCC/ARM_CM7/r0p1/port.o
                0x08007838                SysTick_Handler
 .text.vPortSetupTimerInterrupt
                0x08007880       0x48 ./Middlewares/Third_Party/FreeRTOS/Source/portable/GCC/ARM_CM7/r0p1/port.o
                0x08007880                vPortSetupTimerInterrupt
 .text.vPortEnableVFP
                0x080078c8       0x14 ./Middlewares/Third_Party/FreeRTOS/Source/portable/GCC/ARM_CM7/r0p1/port.o
 .text.vPortValidateInterruptPriority
                0x080078dc       0x8c ./Middlewares/Third_Party/FreeRTOS/Source/portable/GCC/ARM_CM7/r0p1/port.o
                0x080078dc                vPortValidateInterruptPriority
 .text.pvPortMalloc
                0x08007968      0x19c ./Middlewares/Third_Party/FreeRTOS/Source/portable/MemMang/heap_4.o
                0x08007968                pvPortMalloc
 .text.vPortFree
                0x08007b04       0xc0 ./Middlewares/Third_Party/FreeRTOS/Source/portable/MemMang/heap_4.o
                0x08007b04                vPortFree
 .text.prvHeapInit
                0x08007bc4       0xc4 ./Middlewares/Third_Party/FreeRTOS/Source/portable/MemMang/heap_4.o
 .text.prvInsertBlockIntoFreeList
                0x08007c88       0xb4 ./Middlewares/Third_Party/FreeRTOS/Source/portable/MemMang/heap_4.o
 .text.__cvt    0x08007d3c       0xca C:/ST/STM32CubeIDE_2.0.0/STM32CubeIDE/plugins/com.st.stm32cube.ide.mcu.externaltools.gnu-tools-for-stm32.13.3.rel1.win32_1.0.100.202509120712/tools/bin/../lib/gcc/arm-none-eabi/13.3.1/../../../../arm-none-eabi/lib/thumb/v7e-m+fp/hard\libc_nano.a(libc_a-nano-vfprintf_float.o)
                0x08007d3c                __cvt
 .text.__exponent
                0x08007e06       0x74 C:/ST/STM32CubeIDE_2.0.0/STM32CubeIDE/plugins/com.st.stm32cube.ide.mcu.externaltools.gnu-tools-for-stm32.13.3.rel1.win32_1.0.100.202509120712/tools/bin/../lib/gcc/arm-none-eabi/13.3.1/../../../../arm-none-eabi/lib/thumb/v7e-m+fp/hard\libc_nano.a(libc_a-nano-vfprintf_float.o)
                0x08007e06                __exponent
 *fill*         0x08007e7a        0x2 
 .text._printf_float
                0x08007e7c      0x454 C:/ST/STM32CubeIDE_2.0.0/STM32CubeIDE/plugins/com.st.stm32cube.ide.mcu.externaltools.gnu-tools-for-stm32.13.3.rel1.win32_1.0.100.202509120712/tools/bin/../lib/gcc/arm-none-eabi/13.3.1/../../../../arm-none-eabi/lib/thumb/v7e-m+fp/hard\libc_nano.a(libc_a-nano-vfprintf_float.o)
                0x08007e7c                _printf_float
 .text._printf_common
                0x080082d0       0xda C:/ST/STM32CubeIDE_2.0.0/STM32CubeIDE/plugins/com.st.stm32cube.ide.mcu.externaltools.gnu-tools-for-stm32.13.3.rel1.win32_1.0.100.202509120712/tools/bin/../lib/gcc/arm-none-eabi/13.3.1/../../../../arm-none-eabi/lib/thumb/v7e-m+fp/hard\libc_nano.a(libc_a-nano-vfprintf_i.o)
                0x080082d0                _printf_common
 *fill*         0x080083aa        0x2 
 .text._printf_i
                0x080083ac      0x23c C:/ST/STM32CubeIDE_2.0.0/STM32CubeIDE/plugins/com.st.stm32cube.ide.mcu.externaltools.gnu-tools-for-stm32.13.3.rel1.win32_1.0.100.202509120712/tools/bin/../lib/gcc/arm-none-eabi/13.3.1/../../../../arm-none-eabi/lib/thumb/v7e-m+fp/hard\libc_nano.a(libc_a-nano-vfprintf_i.o)
                0x080083ac                _printf_i
 .text._scanf_float
                0x080085e8      0x41c C:/ST/STM32CubeIDE_2.0.0/STM32CubeIDE/plugins/com.st.stm32cube.ide.mcu.externaltools.gnu-tools-for-stm32.13.3.rel1.win32_1.0.100.202509120712/tools/bin/../lib/gcc/arm-none-eabi/13.3.1/../../../../arm-none-eabi/lib/thumb/v7e-m+fp/hard\libc_nano.a(libc_a-nano-vfscanf_float.o)
                0x080085e8                _scanf_float
 .text.std      0x08008a04       0x6c C:/ST/STM32CubeIDE_2.0.0/STM32CubeIDE/plugins/com.st.stm32cube.ide.mcu.externaltools.gnu-tools-for-stm32.13.3.rel1.win32_1.0.100.202509120712/tools/bin/../lib/gcc/arm-none-eabi/13.3.1/../../../../arm-none-eabi/lib/thumb/v7e-m+fp/hard\libc_nano.a(libc_a-findfp.o)
 .text.stdio_exit_handler
                0x08008a70       0x18 C:/ST/STM32CubeIDE_2.0.0/STM32CubeIDE/plugins/com.st.stm32cube.ide.mcu.externaltools.gnu-tools-for-stm32.13.3.rel1.win32_1.0.100.202509120712/tools/bin/../lib/gcc/arm-none-eabi/13.3.1/../../../../arm-none-eabi/lib/thumb/v7e-m+fp/hard\libc_nano.a(libc_a-findfp.o)
 .text.cleanup_stdio
                0x08008a88       0x40 C:/ST/STM32CubeIDE_2.0.0/STM32CubeIDE/plugins/com.st.stm32cube.ide.mcu.externaltools.gnu-tools-for-stm32.13.3.rel1.win32_1.0.100.202509120712/tools/bin/../lib/gcc/arm-none-eabi/13.3.1/../../../../arm-none-eabi/lib/thumb/v7e-m+fp/hard\libc_nano.a(libc_a-findfp.o)
 .text.global_stdio_init.part.0
                0x08008ac8       0x3c C:/ST/STM32CubeIDE_2.0.0/STM32CubeIDE/plugins/com.st.stm32cube.ide.mcu.externaltools.gnu-tools-for-stm32.13.3.rel1.win32_1.0.100.202509120712/tools/bin/../lib/gcc/arm-none-eabi/13.3.1/../../../../arm-none-eabi/lib/thumb/v7e-m+fp/hard\libc_nano.a(libc_a-findfp.o)
 .text.__sfp_lock_acquire
                0x08008b04        0xc C:/ST/STM32CubeIDE_2.0.0/STM32CubeIDE/plugins/com.st.stm32cube.ide.mcu.externaltools.gnu-tools-for-stm32.13.3.rel1.win32_1.0.100.202509120712/tools/bin/../lib/gcc/arm-none-eabi/13.3.1/../../../../arm-none-eabi/lib/thumb/v7e-m+fp/hard\libc_nano.a(libc_a-findfp.o)
                0x08008b04                __sfp_lock_acquire
 .text.__sfp_lock_release
                0x08008b10        0xc C:/ST/STM32CubeIDE_2.0.0/STM32CubeIDE/plugins/com.st.stm32cube.ide.mcu.externaltools.gnu-tools-for-stm32.13.3.rel1.win32_1.0.100.202509120712/tools/bin/../lib/gcc/arm-none-eabi/13.3.1/../../../../arm-none-eabi/lib/thumb/v7e-m+fp/hard\libc_nano.a(libc_a-findfp.o)
                0x08008b10                __sfp_lock_release
 .text.__sinit  0x08008b1c       0x30 C:/ST/STM32CubeIDE_2.0.0/STM32CubeIDE/plugins/com.st.stm32cube.ide.mcu.externaltools.gnu-tools-for-stm32.13.3.rel1.win32_1.0.100.202509120712/tools/bin/../lib/gcc/arm-none-eabi/13.3.1/../../../../arm-none-eabi/lib/thumb/v7e-m+fp/hard\libc_nano.a(libc_a-findfp.o)
                0x08008b1c                __sinit
 .text._fwalk_sglue
                0x08008b4c       0x3c C:/ST/STM32CubeIDE_2.0.0/STM32CubeIDE/plugins/com.st.stm32cube.ide.mcu.externaltools.gnu-tools-for-stm32.13.3.rel1.win32_1.0.100.202509120712/tools/bin/../lib/gcc/arm-none-eabi/13.3.1/../../../../arm-none-eabi/lib/thumb/v7e-m+fp/hard\libc_nano.a(libc_a-fwalk.o)
                0x08008b4c                _fwalk_sglue
 .text.printf   0x08008b88       0x24 C:/ST/STM32CubeIDE_2.0.0/STM32CubeIDE/plugins/com.st.stm32cube.ide.mcu.externaltools.gnu-tools-for-stm32.13.3.rel1.win32_1.0.100.202509120712/tools/bin/../lib/gcc/arm-none-eabi/13.3.1/../../../../arm-none-eabi/lib/thumb/v7e-m+fp/hard\libc_nano.a(libc_a-printf.o)
                0x08008b88                iprintf
                0x08008b88                printf
 .text._puts_r  0x08008bac       0xaa C:/ST/STM32CubeIDE_2.0.0/STM32CubeIDE/plugins/com.st.stm32cube.ide.mcu.externaltools.gnu-tools-for-stm32.13.3.rel1.win32_1.0.100.202509120712/tools/bin/../lib/gcc/arm-none-eabi/13.3.1/../../../../arm-none-eabi/lib/thumb/v7e-m+fp/hard\libc_nano.a(libc_a-puts.o)
                0x08008bac                _puts_r
 *fill*         0x08008c56        0x2 
 .text.puts     0x08008c58       0x10 C:/ST/STM32CubeIDE_2.0.0/STM32CubeIDE/plugins/com.st.stm32cube.ide.mcu.externaltools.gnu-tools-for-stm32.13.3.rel1.win32_1.0.100.202509120712/tools/bin/../lib/gcc/arm-none-eabi/13.3.1/../../../../arm-none-eabi/lib/thumb/v7e-m+fp/hard\libc_nano.a(libc_a-puts.o)
                0x08008c58                puts
 .text.sprintf  0x08008c68       0x44 C:/ST/STM32CubeIDE_2.0.0/STM32CubeIDE/plugins/com.st.stm32cube.ide.mcu.externaltools.gnu-tools-for-stm32.13.3.rel1.win32_1.0.100.202509120712/tools/bin/../lib/gcc/arm-none-eabi/13.3.1/../../../../arm-none-eabi/lib/thumb/v7e-m+fp/hard\libc_nano.a(libc_a-sprintf.o)
                0x08008c68                siprintf
                0x08008c68                sprintf
 .text.__sread  0x08008cac       0x22 C:/ST/STM32CubeIDE_2.0.0/STM32CubeIDE/plugins/com.st.stm32cube.ide.mcu.externaltools.gnu-tools-for-stm32.13.3.rel1.win32_1.0.100.202509120712/tools/bin/../lib/gcc/arm-none-eabi/13.3.1/../../../../arm-none-eabi/lib/thumb/v7e-m+fp/hard\libc_nano.a(libc_a-stdio.o)
                0x08008cac                __sread
 .text.__swrite
                0x08008cce       0x38 C:/ST/STM32CubeIDE_2.0.0/STM32CubeIDE/plugins/com.st.stm32cube.ide.mcu.externaltools.gnu-tools-for-stm32.13.3.rel1.win32_1.0.100.202509120712/tools/bin/../lib/gcc/arm-none-eabi/13.3.1/../../../../arm-none-eabi/lib/thumb/v7e-m+fp/hard\libc_nano.a(libc_a-stdio.o)
                0x08008cce                __swrite
 .text.__sseek  0x08008d06       0x24 C:/ST/STM32CubeIDE_2.0.0/STM32CubeIDE/plugins/com.st.stm32cube.ide.mcu.externaltools.gnu-tools-for-stm32.13.3.rel1.win32_1.0.100.202509120712/tools/bin/../lib/gcc/arm-none-eabi/13.3.1/../../../../arm-none-eabi/lib/thumb/v7e-m+fp/hard\libc_nano.a(libc_a-stdio.o)
                0x08008d06                __sseek
 .text.__sclose
                0x08008d2a        0x8 C:/ST/STM32CubeIDE_2.0.0/STM32CubeIDE/plugins/com.st.stm32cube.ide.mcu.externaltools.gnu-tools-for-stm32.13.3.rel1.win32_1.0.100.202509120712/tools/bin/../lib/gcc/arm-none-eabi/13.3.1/../../../../arm-none-eabi/lib/thumb/v7e-m+fp/hard\libc_nano.a(libc_a-stdio.o)
                0x08008d2a                __sclose
 .text.__swbuf_r
                0x08008d32       0x7c C:/ST/STM32CubeIDE_2.0.0/STM32CubeIDE/plugins/com.st.stm32cube.ide.mcu.externaltools.gnu-tools-for-stm32.13.3.rel1.win32_1.0.100.202509120712/tools/bin/../lib/gcc/arm-none-eabi/13.3.1/../../../../arm-none-eabi/lib/thumb/v7e-m+fp/hard\libc_nano.a(libc_a-wbuf.o)
                0x08008d32                __swbuf_r
 *fill*         0x08008dae        0x2 
 .text.__swsetup_r
                0x08008db0       0xac C:/ST/STM32CubeIDE_2.0.0/STM32CubeIDE/plugins/com.st.stm32cube.ide.mcu.externaltools.gnu-tools-for-stm32.13.3.rel1.win32_1.0.100.202509120712/tools/bin/../lib/gcc/arm-none-eabi/13.3.1/../../../../arm-none-eabi/lib/thumb/v7e-m+fp/hard\libc_nano.a(libc_a-wsetup.o)
                0x08008db0                __swsetup_r
 .text.memset   0x08008e5c       0x10 C:/ST/STM32CubeIDE_2.0.0/STM32CubeIDE/plugins/com.st.stm32cube.ide.mcu.externaltools.gnu-tools-for-stm32.13.3.rel1.win32_1.0.100.202509120712/tools/bin/../lib/gcc/arm-none-eabi/13.3.1/../../../../arm-none-eabi/lib/thumb/v7e-m+fp/hard\libc_nano.a(libc_a-memset.o)
                0x08008e5c                memset
 .text._localeconv_r
                0x08008e6c        0x8 C:/ST/STM32CubeIDE_2.0.0/STM32CubeIDE/plugins/com.st.stm32cube.ide.mcu.externaltools.gnu-tools-for-stm32.13.3.rel1.win32_1.0.100.202509120712/tools/bin/../lib/gcc/arm-none-eabi/13.3.1/../../../../arm-none-eabi/lib/thumb/v7e-m+fp/hard\libc_nano.a(libc_a-localeconv.o)
                0x08008e6c                _localeconv_r
 .text._close_r
                0x08008e74       0x20 C:/ST/STM32CubeIDE_2.0.0/STM32CubeIDE/plugins/com.st.stm32cube.ide.mcu.externaltools.gnu-tools-for-stm32.13.3.rel1.win32_1.0.100.202509120712/tools/bin/../lib/gcc/arm-none-eabi/13.3.1/../../../../arm-none-eabi/lib/thumb/v7e-m+fp/hard\libc_nano.a(libc_a-closer.o)
                0x08008e74                _close_r
 .text._reclaim_reent
                0x08008e94       0xbc C:/ST/STM32CubeIDE_2.0.0/STM32CubeIDE/plugins/com.st.stm32cube.ide.mcu.externaltools.gnu-tools-for-stm32.13.3.rel1.win32_1.0.100.202509120712/tools/bin/../lib/gcc/arm-none-eabi/13.3.1/../../../../arm-none-eabi/lib/thumb/v7e-m+fp/hard\libc_nano.a(libc_a-reent.o)
                0x08008e94                _reclaim_reent
 .text._lseek_r
                0x08008f50       0x24 C:/ST/STM32CubeIDE_2.0.0/STM32CubeIDE/plugins/com.st.stm32cube.ide.mcu.externaltools.gnu-tools-for-stm32.13.3.rel1.win32_1.0.100.202509120712/tools/bin/../lib/gcc/arm-none-eabi/13.3.1/../../../../arm-none-eabi/lib/thumb/v7e-m+fp/hard\libc_nano.a(libc_a-lseekr.o)
                0x08008f50                _lseek_r
 .text._read_r  0x08008f74       0x24 C:/ST/STM32CubeIDE_2.0.0/STM32CubeIDE/plugins/com.st.stm32cube.ide.mcu.externaltools.gnu-tools-for-stm32.13.3.rel1.win32_1.0.100.202509120712/tools/bin/../lib/gcc/arm-none-eabi/13.3.1/../../../../arm-none-eabi/lib/thumb/v7e-m+fp/hard\libc_nano.a(libc_a-readr.o)
                0x08008f74                _read_r
 .text._write_r
                0x08008f98       0x24 C:/ST/STM32CubeIDE_2.0.0/STM32CubeIDE/plugins/com.st.stm32cube.ide.mcu.externaltools.gnu-tools-for-stm32.13.3.rel1.win32_1.0.100.202509120712/tools/bin/../lib/gcc/arm-none-eabi/13.3.1/../../../../arm-none-eabi/lib/thumb/v7e-m+fp/hard\libc_nano.a(libc_a-writer.o)
                0x08008f98                _write_r
 .text.__errno  0x08008fbc        0xc C:/ST/STM32CubeIDE_2.0.0/STM32CubeIDE/plugins/com.st.stm32cube.ide.mcu.externaltools.gnu-tools-for-stm32.13.3.rel1.win32_1.0.100.202509120712/tools/bin/../lib/gcc/arm-none-eabi/13.3.1/../../../../arm-none-eabi/lib/thumb/v7e-m+fp/hard\libc_nano.a(libc_a-errno.o)
                0x08008fbc                __errno
 .text.__libc_init_array
                0x08008fc8       0x48 C:/ST/STM32CubeIDE_2.0.0/STM32CubeIDE/plugins/com.st.stm32cube.ide.mcu.externaltools.gnu-tools-for-stm32.13.3.rel1.win32_1.0.100.202509120712/tools/bin/../lib/gcc/arm-none-eabi/13.3.1/../../../../arm-none-eabi/lib/thumb/v7e-m+fp/hard\libc_nano.a(libc_a-init.o)
                0x08008fc8                __libc_init_array
 .text.__retarget_lock_init_recursive
                0x08009010        0x2 C:/ST/STM32CubeIDE_2.0.0/STM32CubeIDE/plugins/com.st.stm32cube.ide.mcu.externaltools.gnu-tools-for-stm32.13.3.rel1.win32_1.0.100.202509120712/tools/bin/../lib/gcc/arm-none-eabi/13.3.1/../../../../arm-none-eabi/lib/thumb/v7e-m+fp/hard\libc_nano.a(libc_a-lock.o)
                0x08009010                __retarget_lock_init_recursive
 .text.__retarget_lock_acquire_recursive
                0x08009012        0x2 C:/ST/STM32CubeIDE_2.0.0/STM32CubeIDE/plugins/com.st.stm32cube.ide.mcu.externaltools.gnu-tools-for-stm32.13.3.rel1.win32_1.0.100.202509120712/tools/bin/../lib/gcc/arm-none-eabi/13.3.1/../../../../arm-none-eabi/lib/thumb/v7e-m+fp/hard\libc_nano.a(libc_a-lock.o)
                0x08009012                __retarget_lock_acquire_recursive
 .text.__retarget_lock_release_recursive
                0x08009014        0x2 C:/ST/STM32CubeIDE_2.0.0/STM32CubeIDE/plugins/com.st.stm32cube.ide.mcu.externaltools.gnu-tools-for-stm32.13.3.rel1.win32_1.0.100.202509120712/tools/bin/../lib/gcc/arm-none-eabi/13.3.1/../../../../arm-none-eabi/lib/thumb/v7e-m+fp/hard\libc_nano.a(libc_a-lock.o)
                0x08009014                __retarget_lock_release_recursive
 .text.memcpy   0x08009016       0x1c C:/ST/STM32CubeIDE_2.0.0/STM32CubeIDE/plugins/com.st.stm32cube.ide.mcu.externaltools.gnu-tools-for-stm32.13.3.rel1.win32_1.0.100.202509120712/tools/bin/../lib/gcc/arm-none-eabi/13.3.1/../../../../arm-none-eabi/lib/thumb/v7e-m+fp/hard\libc_nano.a(libc_a-memcpy-stub.o)
                0x08009016                memcpy
 *fill*         0x08009032        0x2 
 .text.nanf     0x08009034        0xc C:/ST/STM32CubeIDE_2.0.0/STM32CubeIDE/plugins/com.st.stm32cube.ide.mcu.externaltools.gnu-tools-for-stm32.13.3.rel1.win32_1.0.100.202509120712/tools/bin/../lib/gcc/arm-none-eabi/13.3.1/../../../../arm-none-eabi/lib/thumb/v7e-m+fp/hard\libc_nano.a(libm_a-sf_nan.o)
                0x08009034                nanf
 .text.quorem   0x08009040      0x110 C:/ST/STM32CubeIDE_2.0.0/STM32CubeIDE/plugins/com.st.stm32cube.ide.mcu.externaltools.gnu-tools-for-stm32.13.3.rel1.win32_1.0.100.202509120712/tools/bin/../lib/gcc/arm-none-eabi/13.3.1/../../../../arm-none-eabi/lib/thumb/v7e-m+fp/hard\libc_nano.a(libc_a-dtoa.o)
 .text._dtoa_r  0x08009150      0xba0 C:/ST/STM32CubeIDE_2.0.0/STM32CubeIDE/plugins/com.st.stm32cube.ide.mcu.externaltools.gnu-tools-for-stm32.13.3.rel1.win32_1.0.100.202509120712/tools/bin/../lib/gcc/arm-none-eabi/13.3.1/../../../../arm-none-eabi/lib/thumb/v7e-m+fp/hard\libc_nano.a(libc_a-dtoa.o)
                0x08009150                _dtoa_r
 .text._free_r  0x08009cf0       0x94 C:/ST/STM32CubeIDE_2.0.0/STM32CubeIDE/plugins/com.st.stm32cube.ide.mcu.externaltools.gnu-tools-for-stm32.13.3.rel1.win32_1.0.100.202509120712/tools/bin/../lib/gcc/arm-none-eabi/13.3.1/../../../../arm-none-eabi/lib/thumb/v7e-m+fp/hard\libc_nano.a(libc_a-freer.o)
                0x08009cf0                _free_r
 .text.malloc   0x08009d84       0x10 C:/ST/STM32CubeIDE_2.0.0/STM32CubeIDE/plugins/com.st.stm32cube.ide.mcu.externaltools.gnu-tools-for-stm32.13.3.rel1.win32_1.0.100.202509120712/tools/bin/../lib/gcc/arm-none-eabi/13.3.1/../../../../arm-none-eabi/lib/thumb/v7e-m+fp/hard\libc_nano.a(libc_a-malloc.o)
                0x08009d84                malloc
 .text.sbrk_aligned
                0x08009d94       0x44 C:/ST/STM32CubeIDE_2.0.0/STM32CubeIDE/plugins/com.st.stm32cube.ide.mcu.externaltools.gnu-tools-for-stm32.13.3.rel1.win32_1.0.100.202509120712/tools/bin/../lib/gcc/arm-none-eabi/13.3.1/../../../../arm-none-eabi/lib/thumb/v7e-m+fp/hard\libc_nano.a(libc_a-mallocr.o)
 .text._malloc_r
                0x08009dd8      0x100 C:/ST/STM32CubeIDE_2.0.0/STM32CubeIDE/plugins/com.st.stm32cube.ide.mcu.externaltools.gnu-tools-for-stm32.13.3.rel1.win32_1.0.100.202509120712/tools/bin/../lib/gcc/arm-none-eabi/13.3.1/../../../../arm-none-eabi/lib/thumb/v7e-m+fp/hard\libc_nano.a(libc_a-mallocr.o)
                0x08009dd8                _malloc_r
 .text.__malloc_lock
                0x08009ed8        0xc C:/ST/STM32CubeIDE_2.0.0/STM32CubeIDE/plugins/com.st.stm32cube.ide.mcu.externaltools.gnu-tools-for-stm32.13.3.rel1.win32_1.0.100.202509120712/tools/bin/../lib/gcc/arm-none-eabi/13.3.1/../../../../arm-none-eabi/lib/thumb/v7e-m+fp/hard\libc_nano.a(libc_a-mlock.o)
                0x08009ed8                __malloc_lock
 .text.__malloc_unlock
                0x08009ee4        0xc C:/ST/STM32CubeIDE_2.0.0/STM32CubeIDE/plugins/com.st.stm32cube.ide.mcu.externaltools.gnu-tools-for-stm32.13.3.rel1.win32_1.0.100.202509120712/tools/bin/../lib/gcc/arm-none-eabi/13.3.1/../../../../arm-none-eabi/lib/thumb/v7e-m+fp/hard\libc_nano.a(libc_a-mlock.o)
                0x08009ee4                __malloc_unlock
 .text._Balloc  0x08009ef0       0x80 C:/ST/STM32CubeIDE_2.0.0/STM32CubeIDE/plugins/com.st.stm32cube.ide.mcu.externaltools.gnu-tools-for-stm32.13.3.rel1.win32_1.0.100.202509120712/tools/bin/../lib/gcc/arm-none-eabi/13.3.1/../../../../arm-none-eabi/lib/thumb/v7e-m+fp/hard\libc_nano.a(libc_a-mprec.o)
                0x08009ef0                _Balloc
 .text._Bfree   0x08009f70       0x44 C:/ST/STM32CubeIDE_2.0.0/STM32CubeIDE/plugins/com.st.stm32cube.ide.mcu.externaltools.gnu-tools-for-stm32.13.3.rel1.win32_1.0.100.202509120712/tools/bin/../lib/gcc/arm-none-eabi/13.3.1/../../../../arm-none-eabi/lib/thumb/v7e-m+fp/hard\libc_nano.a(libc_a-mprec.o)
                0x08009f70                _Bfree
 .text.__multadd
                0x08009fb4       0x8c C:/ST/STM32CubeIDE_2.0.0/STM32CubeIDE/plugins/com.st.stm32cube.ide.mcu.externaltools.gnu-tools-for-stm32.13.3.rel1.win32_1.0.100.202509120712/tools/bin/../lib/gcc/arm-none-eabi/13.3.1/../../../../arm-none-eabi/lib/thumb/v7e-m+fp/hard\libc_nano.a(libc_a-mprec.o)
                0x08009fb4                __multadd
 .text.__s2b    0x0800a040       0x94 C:/ST/STM32CubeIDE_2.0.0/STM32CubeIDE/plugins/com.st.stm32cube.ide.mcu.externaltools.gnu-tools-for-stm32.13.3.rel1.win32_1.0.100.202509120712/tools/bin/../lib/gcc/arm-none-eabi/13.3.1/../../../../arm-none-eabi/lib/thumb/v7e-m+fp/hard\libc_nano.a(libc_a-mprec.o)
                0x0800a040                __s2b
 .text.__hi0bits
                0x0800a0d4       0x3e C:/ST/STM32CubeIDE_2.0.0/STM32CubeIDE/plugins/com.st.stm32cube.ide.mcu.externaltools.gnu-tools-for-stm32.13.3.rel1.win32_1.0.100.202509120712/tools/bin/../lib/gcc/arm-none-eabi/13.3.1/../../../../arm-none-eabi/lib/thumb/v7e-m+fp/hard\libc_nano.a(libc_a-mprec.o)
                0x0800a0d4                __hi0bits
 .text.__lo0bits
                0x0800a112       0x5a C:/ST/STM32CubeIDE_2.0.0/STM32CubeIDE/plugins/com.st.stm32cube.ide.mcu.externaltools.gnu-tools-for-stm32.13.3.rel1.win32_1.0.100.202509120712/tools/bin/../lib/gcc/arm-none-eabi/13.3.1/../../../../arm-none-eabi/lib/thumb/v7e-m+fp/hard\libc_nano.a(libc_a-mprec.o)
                0x0800a112                __lo0bits
 .text.__i2b    0x0800a16c       0x2c C:/ST/STM32CubeIDE_2.0.0/STM32CubeIDE/plugins/com.st.stm32cube.ide.mcu.externaltools.gnu-tools-for-stm32.13.3.rel1.win32_1.0.100.202509120712/tools/bin/../lib/gcc/arm-none-eabi/13.3.1/../../../../arm-none-eabi/lib/thumb/v7e-m+fp/hard\libc_nano.a(libc_a-mprec.o)
                0x0800a16c                __i2b
 .text.__multiply
                0x0800a198      0x144 C:/ST/STM32CubeIDE_2.0.0/STM32CubeIDE/plugins/com.st.stm32cube.ide.mcu.externaltools.gnu-tools-for-stm32.13.3.rel1.win32_1.0.100.202509120712/tools/bin/../lib/gcc/arm-none-eabi/13.3.1/../../../../arm-none-eabi/lib/thumb/v7e-m+fp/hard\libc_nano.a(libc_a-mprec.o)
                0x0800a198                __multiply
 .text.__pow5mult
                0x0800a2dc       0xb4 C:/ST/STM32CubeIDE_2.0.0/STM32CubeIDE/plugins/com.st.stm32cube.ide.mcu.externaltools.gnu-tools-for-stm32.13.3.rel1.win32_1.0.100.202509120712/tools/bin/../lib/gcc/arm-none-eabi/13.3.1/../../../../arm-none-eabi/lib/thumb/v7e-m+fp/hard\libc_nano.a(libc_a-mprec.o)
                0x0800a2dc                __pow5mult
 .text.__lshift
                0x0800a390       0xd8 C:/ST/STM32CubeIDE_2.0.0/STM32CubeIDE/plugins/com.st.stm32cube.ide.mcu.externaltools.gnu-tools-for-stm32.13.3.rel1.win32_1.0.100.202509120712/tools/bin/../lib/gcc/arm-none-eabi/13.3.1/../../../../arm-none-eabi/lib/thumb/v7e-m+fp/hard\libc_nano.a(libc_a-mprec.o)
                0x0800a390                __lshift
 .text.__mcmp   0x0800a468       0x36 C:/ST/STM32CubeIDE_2.0.0/STM32CubeIDE/plugins/com.st.stm32cube.ide.mcu.externaltools.gnu-tools-for-stm32.13.3.rel1.win32_1.0.100.202509120712/tools/bin/../lib/gcc/arm-none-eabi/13.3.1/../../../../arm-none-eabi/lib/thumb/v7e-m+fp/hard\libc_nano.a(libc_a-mprec.o)
                0x0800a468                __mcmp
 *fill*         0x0800a49e        0x2 
 .text.__mdiff  0x0800a4a0      0x128 C:/ST/STM32CubeIDE_2.0.0/STM32CubeIDE/plugins/com.st.stm32cube.ide.mcu.externaltools.gnu-tools-for-stm32.13.3.rel1.win32_1.0.100.202509120712/tools/bin/../lib/gcc/arm-none-eabi/13.3.1/../../../../arm-none-eabi/lib/thumb/v7e-m+fp/hard\libc_nano.a(libc_a-mprec.o)
                0x0800a4a0                __mdiff
 .text.__ulp    0x0800a5c8       0x4c C:/ST/STM32CubeIDE_2.0.0/STM32CubeIDE/plugins/com.st.stm32cube.ide.mcu.externaltools.gnu-tools-for-stm32.13.3.rel1.win32_1.0.100.202509120712/tools/bin/../lib/gcc/arm-none-eabi/13.3.1/../../../../arm-none-eabi/lib/thumb/v7e-m+fp/hard\libc_nano.a(libc_a-mprec.o)
                0x0800a5c8                __ulp
 .text.__b2d    0x0800a614       0x94 C:/ST/STM32CubeIDE_2.0.0/STM32CubeIDE/plugins/com.st.stm32cube.ide.mcu.externaltools.gnu-tools-for-stm32.13.3.rel1.win32_1.0.100.202509120712/tools/bin/../lib/gcc/arm-none-eabi/13.3.1/../../../../arm-none-eabi/lib/thumb/v7e-m+fp/hard\libc_nano.a(libc_a-mprec.o)
                0x0800a614                __b2d
 .text.__d2b    0x0800a6a8       0xb0 C:/ST/STM32CubeIDE_2.0.0/STM32CubeIDE/plugins/com.st.stm32cube.ide.mcu.externaltools.gnu-tools-for-stm32.13.3.rel1.win32_1.0.100.202509120712/tools/bin/../lib/gcc/arm-none-eabi/13.3.1/../../../../arm-none-eabi/lib/thumb/v7e-m+fp/hard\libc_nano.a(libc_a-mprec.o)
                0x0800a6a8                __d2b
 .text.__ratio  0x0800a758       0x64 C:/ST/STM32CubeIDE_2.0.0/STM32CubeIDE/plugins/com.st.stm32cube.ide.mcu.externaltools.gnu-tools-for-stm32.13.3.rel1.win32_1.0.100.202509120712/tools/bin/../lib/gcc/arm-none-eabi/13.3.1/../../../../arm-none-eabi/lib/thumb/v7e-m+fp/hard\libc_nano.a(libc_a-mprec.o)
                0x0800a758                __ratio
 .text.__copybits
                0x0800a7bc       0x46 C:/ST/STM32CubeIDE_2.0.0/STM32CubeIDE/plugins/com.st.stm32cube.ide.mcu.externaltools.gnu-tools-for-stm32.13.3.rel1.win32_1.0.100.202509120712/tools/bin/../lib/gcc/arm-none-eabi/13.3.1/../../../../arm-none-eabi/lib/thumb/v7e-m+fp/hard\libc_nano.a(libc_a-mprec.o)
                0x0800a7bc                __copybits
 .text.__any_on
                0x0800a802       0x42 C:/ST/STM32CubeIDE_2.0.0/STM32CubeIDE/plugins/com.st.stm32cube.ide.mcu.externaltools.gnu-tools-for-stm32.13.3.rel1.win32_1.0.100.202509120712/tools/bin/../lib/gcc/arm-none-eabi/13.3.1/../../../../arm-none-eabi/lib/thumb/v7e-m+fp/hard\libc_nano.a(libc_a-mprec.o)
                0x0800a802                __any_on
 .text.sulp     0x0800a844       0x3c C:/ST/STM32CubeIDE_2.0.0/STM32CubeIDE/plugins/com.st.stm32cube.ide.mcu.externaltools.gnu-tools-for-stm32.13.3.rel1.win32_1.0.100.202509120712/tools/bin/../lib/gcc/arm-none-eabi/13.3.1/../../../../arm-none-eabi/lib/thumb/v7e-m+fp/hard\libc_nano.a(libc_a-strtod.o)
 .text._strtod_l
                0x0800a880      0xbc8 C:/ST/STM32CubeIDE_2.0.0/STM32CubeIDE/plugins/com.st.stm32cube.ide.mcu.externaltools.gnu-tools-for-stm32.13.3.rel1.win32_1.0.100.202509120712/tools/bin/../lib/gcc/arm-none-eabi/13.3.1/../../../../arm-none-eabi/lib/thumb/v7e-m+fp/hard\libc_nano.a(libc_a-strtod.o)
                0x0800a880                _strtod_l
 .text._strtod_r
                0x0800b448        0xc C:/ST/STM32CubeIDE_2.0.0/STM32CubeIDE/plugins/com.st.stm32cube.ide.mcu.externaltools.gnu-tools-for-stm32.13.3.rel1.win32_1.0.100.202509120712/tools/bin/../lib/gcc/arm-none-eabi/13.3.1/../../../../arm-none-eabi/lib/thumb/v7e-m+fp/hard\libc_nano.a(libc_a-strtod.o)
                0x0800b448                _strtod_r
 .text._strtol_l.isra.0
                0x0800b454       0xf4 C:/ST/STM32CubeIDE_2.0.0/STM32CubeIDE/plugins/com.st.stm32cube.ide.mcu.externaltools.gnu-tools-for-stm32.13.3.rel1.win32_1.0.100.202509120712/tools/bin/../lib/gcc/arm-none-eabi/13.3.1/../../../../arm-none-eabi/lib/thumb/v7e-m+fp/hard\libc_nano.a(libc_a-strtol.o)
 .text._strtol_r
                0x0800b548        0x4 C:/ST/STM32CubeIDE_2.0.0/STM32CubeIDE/plugins/com.st.stm32cube.ide.mcu.externaltools.gnu-tools-for-stm32.13.3.rel1.win32_1.0.100.202509120712/tools/bin/../lib/gcc/arm-none-eabi/13.3.1/../../../../arm-none-eabi/lib/thumb/v7e-m+fp/hard\libc_nano.a(libc_a-strtol.o)
                0x0800b548                _strtol_r
 .text.__ssputs_r
                0x0800b54c       0xb6 C:/ST/STM32CubeIDE_2.0.0/STM32CubeIDE/plugins/com.st.stm32cube.ide.mcu.externaltools.gnu-tools-for-stm32.13.3.rel1.win32_1.0.100.202509120712/tools/bin/../lib/gcc/arm-none-eabi/13.3.1/../../../../arm-none-eabi/lib/thumb/v7e-m+fp/hard\libc_nano.a(libc_a-nano-svfprintf.o)
                0x0800b54c                __ssputs_r
 *fill*         0x0800b602        0x2 
 .text._svfprintf_r
                0x0800b604      0x1f8 C:/ST/STM32CubeIDE_2.0.0/STM32CubeIDE/plugins/com.st.stm32cube.ide.mcu.externaltools.gnu-tools-for-stm32.13.3.rel1.win32_1.0.100.202509120712/tools/bin/../lib/gcc/arm-none-eabi/13.3.1/../../../../arm-none-eabi/lib/thumb/v7e-m+fp/hard\libc_nano.a(libc_a-nano-svfprintf.o)
                0x0800b604                _svfiprintf_r
                0x0800b604                _svfprintf_r
 .text.__sfputc_r
                0x0800b7fc       0x2e C:/ST/STM32CubeIDE_2.0.0/STM32CubeIDE/plugins/com.st.stm32cube.ide.mcu.externaltools.gnu-tools-for-stm32.13.3.rel1.win32_1.0.100.202509120712/tools/bin/../lib/gcc/arm-none-eabi/13.3.1/../../../../arm-none-eabi/lib/thumb/v7e-m+fp/hard\libc_nano.a(libc_a-nano-vfprintf.o)
 .text.__sfputs_r
                0x0800b82a       0x24 C:/ST/STM32CubeIDE_2.0.0/STM32CubeIDE/plugins/com.st.stm32cube.ide.mcu.externaltools.gnu-tools-for-stm32.13.3.rel1.win32_1.0.100.202509120712/tools/bin/../lib/gcc/arm-none-eabi/13.3.1/../../../../arm-none-eabi/lib/thumb/v7e-m+fp/hard\libc_nano.a(libc_a-nano-vfprintf.o)
                0x0800b82a                __sfputs_r
 *fill*         0x0800b84e        0x2 
 .text._vfprintf_r
                0x0800b850      0x230 C:/ST/STM32CubeIDE_2.0.0/STM32CubeIDE/plugins/com.st.stm32cube.ide.mcu.externaltools.gnu-tools-for-stm32.13.3.rel1.win32_1.0.100.202509120712/tools/bin/../lib/gcc/arm-none-eabi/13.3.1/../../../../arm-none-eabi/lib/thumb/v7e-m+fp/hard\libc_nano.a(libc_a-nano-vfprintf.o)
                0x0800b850                _vfprintf_r
                0x0800b850                _vfiprintf_r
 .text.__sflush_r
                0x0800ba80      0x108 C:/ST/STM32CubeIDE_2.0.0/STM32CubeIDE/plugins/com.st.stm32cube.ide.mcu.externaltools.gnu-tools-for-stm32.13.3.rel1.win32_1.0.100.202509120712/tools/bin/../lib/gcc/arm-none-eabi/13.3.1/../../../../arm-none-eabi/lib/thumb/v7e-m+fp/hard\libc_nano.a(libc_a-fflush.o)
                0x0800ba80                __sflush_r
 .text._fflush_r
                0x0800bb88       0x50 C:/ST/STM32CubeIDE_2.0.0/STM32CubeIDE/plugins/com.st.stm32cube.ide.mcu.externaltools.gnu-tools-for-stm32.13.3.rel1.win32_1.0.100.202509120712/tools/bin/../lib/gcc/arm-none-eabi/13.3.1/../../../../arm-none-eabi/lib/thumb/v7e-m+fp/hard\libc_nano.a(libc_a-fflush.o)
                0x0800bb88                _fflush_r
 .text.__swhatbuf_r
                0x0800bbd8       0x4c C:/ST/STM32CubeIDE_2.0.0/STM32CubeIDE/plugins/com.st.stm32cube.ide.mcu.externaltools.gnu-tools-for-stm32.13.3.rel1.win32_1.0.100.202509120712/tools/bin/../lib/gcc/arm-none-eabi/13.3.1/../../../../arm-none-eabi/lib/thumb/v7e-m+fp/hard\libc_nano.a(libc_a-makebuf.o)
                0x0800bbd8                __swhatbuf_r
 .text.__smakebuf_r
                0x0800bc24       0x78 C:/ST/STM32CubeIDE_2.0.0/STM32CubeIDE/plugins/com.st.stm32cube.ide.mcu.externaltools.gnu-tools-for-stm32.13.3.rel1.win32_1.0.100.202509120712/tools/bin/../lib/gcc/arm-none-eabi/13.3.1/../../../../arm-none-eabi/lib/thumb/v7e-m+fp/hard\libc_nano.a(libc_a-makebuf.o)
                0x0800bc24                __smakebuf_r
 .text.memmove  0x0800bc9c       0x34 C:/ST/STM32CubeIDE_2.0.0/STM32CubeIDE/plugins/com.st.stm32cube.ide.mcu.externaltools.gnu-tools-for-stm32.13.3.rel1.win32_1.0.100.202509120712/tools/bin/../lib/gcc/arm-none-eabi/13.3.1/../../../../arm-none-eabi/lib/thumb/v7e-m+fp/hard\libc_nano.a(libc_a-memmove.o)
                0x0800bc9c                memmove
 .text.strncmp  0x0800bcd0       0x24 C:/ST/STM32CubeIDE_2.0.0/STM32CubeIDE/plugins/com.st.stm32cube.ide.mcu.externaltools.gnu-tools-for-stm32.13.3.rel1.win32_1.0.100.202509120712/tools/bin/../lib/gcc/arm-none-eabi/13.3.1/../../../../arm-none-eabi/lib/thumb/v7e-m+fp/hard\libc_nano.a(libc_a-strncmp.o)
                0x0800bcd0                strncmp
 .text._fstat_r
                0x0800bcf4       0x24 C:/ST/STM32CubeIDE_2.0.0/STM32CubeIDE/plugins/com.st.stm32cube.ide.mcu.externaltools.gnu-tools-for-stm32.13.3.rel1.win32_1.0.100.202509120712/tools/bin/../lib/gcc/arm-none-eabi/13.3.1/../../../../arm-none-eabi/lib/thumb/v7e-m+fp/hard\libc_nano.a(libc_a-fstatr.o)
                0x0800bcf4                _fstat_r
 .text._isatty_r
                0x0800bd18       0x20 C:/ST/STM32CubeIDE_2.0.0/STM32CubeIDE/plugins/com.st.stm32cube.ide.mcu.externaltools.gnu-tools-for-stm32.13.3.rel1.win32_1.0.100.202509120712/tools/bin/../lib/gcc/arm-none-eabi/13.3.1/../../../../arm-none-eabi/lib/thumb/v7e-m+fp/hard\libc_nano.a(libc_a-isattyr.o)
                0x0800bd18                _isatty_r
 .text._sbrk_r  0x0800bd38       0x20 C:/ST/STM32CubeIDE_2.0.0/STM32CubeIDE/plugins/com.st.stm32cube.ide.mcu.externaltools.gnu-tools-for-stm32.13.3.rel1.win32_1.0.100.202509120712/tools/bin/../lib/gcc/arm-none-eabi/13.3.1/../../../../arm-none-eabi/lib/thumb/v7e-m+fp/hard\libc_nano.a(libc_a-sbrkr.o)
                0x0800bd38                _sbrk_r
 .text.nan      0x0800bd58       0x10 C:/ST/STM32CubeIDE_2.0.0/STM32CubeIDE/plugins/com.st.stm32cube.ide.mcu.externaltools.gnu-tools-for-stm32.13.3.rel1.win32_1.0.100.202509120712/tools/bin/../lib/gcc/arm-none-eabi/13.3.1/../../../../arm-none-eabi/lib/thumb/v7e-m+fp/hard\libc_nano.a(libm_a-s_nan.o)
                0x0800bd58                nan
 .text.__assert_func
                0x0800bd68       0x3c C:/ST/STM32CubeIDE_2.0.0/STM32CubeIDE/plugins/com.st.stm32cube.ide.mcu.externaltools.gnu-tools-for-stm32.13.3.rel1.win32_1.0.100.202509120712/tools/bin/../lib/gcc/arm-none-eabi/13.3.1/../../../../arm-none-eabi/lib/thumb/v7e-m+fp/hard\libc_nano.a(libc_a-assert.o)
                0x0800bd68                __assert_func
 .text._calloc_r
                0x0800bda4       0x28 C:/ST/STM32CubeIDE_2.0.0/STM32CubeIDE/plugins/com.st.stm32cube.ide.mcu.externaltools.gnu-tools-for-stm32.13.3.rel1.win32_1.0.100.202509120712/tools/bin/../lib/gcc/arm-none-eabi/13.3.1/../../../../arm-none-eabi/lib/thumb/v7e-m+fp/hard\libc_nano.a(libc_a-callocr.o)
                0x0800bda4                _calloc_r
 .text.rshift   0x0800bdcc       0xa4 C:/ST/STM32CubeIDE_2.0.0/STM32CubeIDE/plugins/com.st.stm32cube.ide.mcu.externaltools.gnu-tools-for-stm32.13.3.rel1.win32_1.0.100.202509120712/tools/bin/../lib/gcc/arm-none-eabi/13.3.1/../../../../arm-none-eabi/lib/thumb/v7e-m+fp/hard\libc_nano.a(libc_a-gdtoa-gethex.o)
 .text.__hexdig_fun
                0x0800be70       0x2a C:/ST/STM32CubeIDE_2.0.0/STM32CubeIDE/plugins/com.st.stm32cube.ide.mcu.externaltools.gnu-tools-for-stm32.13.3.rel1.win32_1.0.100.202509120712/tools/bin/../lib/gcc/arm-none-eabi/13.3.1/../../../../arm-none-eabi/lib/thumb/v7e-m+fp/hard\libc_nano.a(libc_a-gdtoa-gethex.o)
                0x0800be70                __hexdig_fun
 *fill*         0x0800be9a        0x2 
 .text.__gethex
                0x0800be9c      0x420 C:/ST/STM32CubeIDE_2.0.0/STM32CubeIDE/plugins/com.st.stm32cube.ide.mcu.externaltools.gnu-tools-for-stm32.13.3.rel1.win32_1.0.100.202509120712/tools/bin/../lib/gcc/arm-none-eabi/13.3.1/../../../../arm-none-eabi/lib/thumb/v7e-m+fp/hard\libc_nano.a(libc_a-gdtoa-gethex.o)
                0x0800be9c                __gethex
 .text.L_shift  0x0800c2bc       0x24 C:/ST/STM32CubeIDE_2.0.0/STM32CubeIDE/plugins/com.st.stm32cube.ide.mcu.externaltools.gnu-tools-for-stm32.13.3.rel1.win32_1.0.100.202509120712/tools/bin/../lib/gcc/arm-none-eabi/13.3.1/../../../../arm-none-eabi/lib/thumb/v7e-m+fp/hard\libc_nano.a(libc_a-gdtoa-hexnan.o)
 .text.__match  0x0800c2e0       0x28 C:/ST/STM32CubeIDE_2.0.0/STM32CubeIDE/plugins/com.st.stm32cube.ide.mcu.externaltools.gnu-tools-for-stm32.13.3.rel1.win32_1.0.100.202509120712/tools/bin/../lib/gcc/arm-none-eabi/13.3.1/../../../../arm-none-eabi/lib/thumb/v7e-m+fp/hard\libc_nano.a(libc_a-gdtoa-hexnan.o)
                0x0800c2e0                __match
 .text.__hexnan
                0x0800c308      0x136 C:/ST/STM32CubeIDE_2.0.0/STM32CubeIDE/plugins/com.st.stm32cube.ide.mcu.externaltools.gnu-tools-for-stm32.13.3.rel1.win32_1.0.100.202509120712/tools/bin/../lib/gcc/arm-none-eabi/13.3.1/../../../../arm-none-eabi/lib/thumb/v7e-m+fp/hard\libc_nano.a(libc_a-gdtoa-hexnan.o)
                0x0800c308                __hexnan
 .text.__ascii_mbtowc
                0x0800c43e       0x24 C:/ST/STM32CubeIDE_2.0.0/STM32CubeIDE/plugins/com.st.stm32cube.ide.mcu.externaltools.gnu-tools-for-stm32.13.3.rel1.win32_1.0.100.202509120712/tools/bin/../lib/gcc/arm-none-eabi/13.3.1/../../../../arm-none-eabi/lib/thumb/v7e-m+fp/hard\libc_nano.a(libc_a-mbtowc_r.o)
                0x0800c43e                __ascii_mbtowc
 .text._realloc_r
                0x0800c462       0x5c C:/ST/STM32CubeIDE_2.0.0/STM32CubeIDE/plugins/com.st.stm32cube.ide.mcu.externaltools.gnu-tools-for-stm32.13.3.rel1.win32_1.0.100.202509120712/tools/bin/../lib/gcc/arm-none-eabi/13.3.1/../../../../arm-none-eabi/lib/thumb/v7e-m+fp/hard\libc_nano.a(libc_a-reallocr.o)
                0x0800c462                _realloc_r
 .text.__ascii_wctomb
                0x0800c4be       0x1a C:/ST/STM32CubeIDE_2.0.0/STM32CubeIDE/plugins/com.st.stm32cube.ide.mcu.externaltools.gnu-tools-for-stm32.13.3.rel1.win32_1.0.100.202509120712/tools/bin/../lib/gcc/arm-none-eabi/13.3.1/../../../../arm-none-eabi/lib/thumb/v7e-m+fp/hard\libc_nano.a(libc_a-wctomb_r.o)
                0x0800c4be                __ascii_wctomb
 .text.fprintf  0x0800c4d8       0x24 C:/ST/STM32CubeIDE_2.0.0/STM32CubeIDE/plugins/com.st.stm32cube.ide.mcu.externaltools.gnu-tools-for-stm32.13.3.rel1.win32_1.0.100.202509120712/tools/bin/../lib/gcc/arm-none-eabi/13.3.1/../../../../arm-none-eabi/lib/thumb/v7e-m+fp/hard\libc_nano.a(libc_a-fprintf.o)
                0x0800c4d8                fiprintf
                0x0800c4d8                fprintf
 .text.abort    0x0800c4fc        0xe C:/ST/STM32CubeIDE_2.0.0/STM32CubeIDE/plugins/com.st.stm32cube.ide.mcu.externaltools.gnu-tools-for-stm32.13.3.rel1.win32_1.0.100.202509120712/tools/bin/../lib/gcc/arm-none-eabi/13.3.1/../../../../arm-none-eabi/lib/thumb/v7e-m+fp/hard\libc_nano.a(libc_a-abort.o)
                0x0800c4fc                abort
 .text._malloc_usable_size_r
                0x0800c50a       0x10 C:/ST/STM32CubeIDE_2.0.0/STM32CubeIDE/plugins/com.st.stm32cube.ide.mcu.externaltools.gnu-tools-for-stm32.13.3.rel1.win32_1.0.100.202509120712/tools/bin/../lib/gcc/arm-none-eabi/13.3.1/../../../../arm-none-eabi/lib/thumb/v7e-m+fp/hard\libc_nano.a(libc_a-msizer.o)
                0x0800c50a                _malloc_usable_size_r
 .text._raise_r
                0x0800c51a       0x50 C:/ST/STM32CubeIDE_2.0.0/STM32CubeIDE/plugins/com.st.stm32cube.ide.mcu.externaltools.gnu-tools-for-stm32.13.3.rel1.win32_1.0.100.202509120712/tools/bin/../lib/gcc/arm-none-eabi/13.3.1/../../../../arm-none-eabi/lib/thumb/v7e-m+fp/hard\libc_nano.a(libc_a-signal.o)
                0x0800c51a                _raise_r
 *fill*         0x0800c56a        0x2 
 .text.raise    0x0800c56c       0x10 C:/ST/STM32CubeIDE_2.0.0/STM32CubeIDE/plugins/com.st.stm32cube.ide.mcu.externaltools.gnu-tools-for-stm32.13.3.rel1.win32_1.0.100.202509120712/tools/bin/../lib/gcc/arm-none-eabi/13.3.1/../../../../arm-none-eabi/lib/thumb/v7e-m+fp/hard\libc_nano.a(libc_a-signal.o)
                0x0800c56c                raise
 .text._kill_r  0x0800c57c       0x24 C:/ST/STM32CubeIDE_2.0.0/STM32CubeIDE/plugins/com.st.stm32cube.ide.mcu.externaltools.gnu-tools-for-stm32.13.3.rel1.win32_1.0.100.202509120712/tools/bin/../lib/gcc/arm-none-eabi/13.3.1/../../../../arm-none-eabi/lib/thumb/v7e-m+fp/hard\libc_nano.a(libc_a-signalr.o)
                0x0800c57c                _kill_r
 .text._getpid_r
                0x0800c5a0        0x4 C:/ST/STM32CubeIDE_2.0.0/STM32CubeIDE/plugins/com.st.stm32cube.ide.mcu.externaltools.gnu-tools-for-stm32.13.3.rel1.win32_1.0.100.202509120712/tools/bin/../lib/gcc/arm-none-eabi/13.3.1/../../../../arm-none-eabi/lib/thumb/v7e-m+fp/hard\libc_nano.a(libc_a-signalr.o)
                0x0800c5a0                _getpid_r
 *(.glue_7)
 .glue_7        0x0800c5a4        0x0 linker stubs
 *(.glue_7t)
 .glue_7t       0x0800c5a4        0x0 linker stubs
 *(.eh_frame)
 .eh_frame      0x0800c5a4        0x0 C:/ST/STM32CubeIDE_2.0.0/STM32CubeIDE/plugins/com.st.stm32cube.ide.mcu.externaltools.gnu-tools-for-stm32.13.3.rel1.win32_1.0.100.202509120712/tools/bin/../lib/gcc/arm-none-eabi/13.3.1/thumb/v7e-m+fp/hard/crtbegin.o
 *(.init)
 .init          0x0800c5a4        0x4 C:/ST/STM32CubeIDE_2.0.0/STM32CubeIDE/plugins/com.st.stm32cube.ide.mcu.externaltools.gnu-tools-for-stm32.13.3.rel1.win32_1.0.100.202509120712/tools/bin/../lib/gcc/arm-none-eabi/13.3.1/thumb/v7e-m+fp/hard/crti.o
                0x0800c5a4                _init
 .init          0x0800c5a8        0x8 C:/ST/STM32CubeIDE_2.0.0/STM32CubeIDE/plugins/com.st.stm32cube.ide.mcu.externaltools.gnu-tools-for-stm32.13.3.rel1.win32_1.0.100.202509120712/tools/bin/../lib/gcc/arm-none-eabi/13.3.1/thumb/v7e-m+fp/hard/crtn.o
 *(.fini)
 .fini          0x0800c5b0        0x4 C:/ST/STM32CubeIDE_2.0.0/STM32CubeIDE/plugins/com.st.stm32cube.ide.mcu.externaltools.gnu-tools-for-stm32.13.3.rel1.win32_1.0.100.202509120712/tools/bin/../lib/gcc/arm-none-eabi/13.3.1/thumb/v7e-m+fp/hard/crti.o
                0x0800c5b0                _fini
 .fini          0x0800c5b4        0x8 C:/ST/STM32CubeIDE_2.0.0/STM32CubeIDE/plugins/com.st.stm32cube.ide.mcu.externaltools.gnu-tools-for-stm32.13.3.rel1.win32_1.0.100.202509120712/tools/bin/../lib/gcc/arm-none-eabi/13.3.1/thumb/v7e-m+fp/hard/crtn.o
                0x0800c5bc                        . = ALIGN (0x4)
                0x0800c5bc                        _etext = .

.vfp11_veneer   0x0800c5bc        0x0
 .vfp11_veneer  0x0800c5bc        0x0 linker stubs

.v4_bx          0x0800c5bc        0x0
 .v4_bx         0x0800c5bc        0x0 linker stubs

.iplt           0x0800c5bc        0x0
 .iplt          0x0800c5bc        0x0 C:/ST/STM32CubeIDE_2.0.0/STM32CubeIDE/plugins/com.st.stm32cube.ide.mcu.externaltools.gnu-tools-for-stm32.13.3.rel1.win32_1.0.100.202509120712/tools/bin/../lib/gcc/arm-none-eabi/13.3.1/thumb/v7e-m+fp/hard/crtbegin.o

.rodata         0x0800c5c0      0x4e4
                0x0800c5c0                        . = ALIGN (0x4)
 *(.rodata)
 .rodata        0x0800c5c0       0x5c ./Core/Src/PMU.o
 .rodata        0x0800c61c        0xc ./Core/Src/freertos.o
 .rodata        0x0800c628        0x5 ./Middlewares/Third_Party/FreeRTOS/Source/tasks.o
 *fill*         0x0800c62d        0x3 
 .rodata        0x0800c630        0xd ./Middlewares/Third_Party/FreeRTOS/Source/timers.o
 *(.rodata*)
 *fill*         0x0800c63d        0x3 
 .rodata._ZL22defaultTask_attributes
                0x0800c640       0x24 ./Core/Src/freertos.o
 .rodata.AHBPrescTable
                0x0800c664       0x10 ./Core/Src/system_stm32f7xx.o
                0x0800c664                AHBPrescTable
 .rodata.APBPrescTable
                0x0800c674        0x8 ./Core/Src/system_stm32f7xx.o
                0x0800c674                APBPrescTable
 .rodata._printf_float.str1.1
                0x0800c67c      0x1d6 C:/ST/STM32CubeIDE_2.0.0/STM32CubeIDE/plugins/com.st.stm32cube.ide.mcu.externaltools.gnu-tools-for-stm32.13.3.rel1.win32_1.0.100.202509120712/tools/bin/../lib/gcc/arm-none-eabi/13.3.1/../../../../arm-none-eabi/lib/thumb/v7e-m+fp/hard\libc_nano.a(libc_a-nano-vfprintf_float.o)
                                 0x12 (size before relaxing)
 .rodata._printf_i.str1.1
                0x0800c852        0x0 C:/ST/STM32CubeIDE_2.0.0/STM32CubeIDE/plugins/com.st.stm32cube.ide.mcu.externaltools.gnu-tools-for-stm32.13.3.rel1.win32_1.0.100.202509120712/tools/bin/../lib/gcc/arm-none-eabi/13.3.1/../../../../arm-none-eabi/lib/thumb/v7e-m+fp/hard\libc_nano.a(libc_a-nano-vfprintf_i.o)
                                 0x22 (size before relaxing)
 .rodata._scanf_float.str1.1
                0x0800c852        0x0 C:/ST/STM32CubeIDE_2.0.0/STM32CubeIDE/plugins/com.st.stm32cube.ide.mcu.externaltools.gnu-tools-for-stm32.13.3.rel1.win32_1.0.100.202509120712/tools/bin/../lib/gcc/arm-none-eabi/13.3.1/../../../../arm-none-eabi/lib/thumb/v7e-m+fp/hard\libc_nano.a(libc_a-nano-vfscanf_float.o)
                                  0x6 (size before relaxing)
 .rodata._dtoa_r.str1.1
                0x0800c852        0x0 C:/ST/STM32CubeIDE_2.0.0/STM32CubeIDE/plugins/com.st.stm32cube.ide.mcu.externaltools.gnu-tools-for-stm32.13.3.rel1.win32_1.0.100.202509120712/tools/bin/../lib/gcc/arm-none-eabi/13.3.1/../../../../arm-none-eabi/lib/thumb/v7e-m+fp/hard\libc_nano.a(libc_a-dtoa.o)
                                 0x8f (size before relaxing)
 .rodata._Balloc.str1.1
                0x0800c852        0x0 C:/ST/STM32CubeIDE_2.0.0/STM32CubeIDE/plugins/com.st.stm32cube.ide.mcu.externaltools.gnu-tools-for-stm32.13.3.rel1.win32_1.0.100.202509120712/tools/bin/../lib/gcc/arm-none-eabi/13.3.1/../../../../arm-none-eabi/lib/thumb/v7e-m+fp/hard\libc_nano.a(libc_a-mprec.o)
                                 0x70 (size before relaxing)
 .rodata.__multadd.str1.1
                0x0800c852        0x0 C:/ST/STM32CubeIDE_2.0.0/STM32CubeIDE/plugins/com.st.stm32cube.ide.mcu.externaltools.gnu-tools-for-stm32.13.3.rel1.win32_1.0.100.202509120712/tools/bin/../lib/gcc/arm-none-eabi/13.3.1/../../../../arm-none-eabi/lib/thumb/v7e-m+fp/hard\libc_nano.a(libc_a-mprec.o)
                                 0x11 (size before relaxing)
 *fill*         0x0800c852        0x2 
 .rodata.p05.0  0x0800c854        0xc C:/ST/STM32CubeIDE_2.0.0/STM32CubeIDE/plugins/com.st.stm32cube.ide.mcu.externaltools.gnu-tools-for-stm32.13.3.rel1.win32_1.0.100.202509120712/tools/bin/../lib/gcc/arm-none-eabi/13.3.1/../../../../arm-none-eabi/lib/thumb/v7e-m+fp/hard\libc_nano.a(libc_a-mprec.o)
 .rodata.__mprec_bigtens
                0x0800c860       0x28 C:/ST/STM32CubeIDE_2.0.0/STM32CubeIDE/plugins/com.st.stm32cube.ide.mcu.externaltools.gnu-tools-for-stm32.13.3.rel1.win32_1.0.100.202509120712/tools/bin/../lib/gcc/arm-none-eabi/13.3.1/../../../../arm-none-eabi/lib/thumb/v7e-m+fp/hard\libc_nano.a(libc_a-mprec.o)
                0x0800c860                __mprec_bigtens
 .rodata.__mprec_tens
                0x0800c888       0xc8 C:/ST/STM32CubeIDE_2.0.0/STM32CubeIDE/plugins/com.st.stm32cube.ide.mcu.externaltools.gnu-tools-for-stm32.13.3.rel1.win32_1.0.100.202509120712/tools/bin/../lib/gcc/arm-none-eabi/13.3.1/../../../../arm-none-eabi/lib/thumb/v7e-m+fp/hard\libc_nano.a(libc_a-mprec.o)
                0x0800c888                __mprec_tens
 .rodata._strtod_l.str1.1
                0x0800c950        0x0 C:/ST/STM32CubeIDE_2.0.0/STM32CubeIDE/plugins/com.st.stm32cube.ide.mcu.externaltools.gnu-tools-for-stm32.13.3.rel1.win32_1.0.100.202509120712/tools/bin/../lib/gcc/arm-none-eabi/13.3.1/../../../../arm-none-eabi/lib/thumb/v7e-m+fp/hard\libc_nano.a(libc_a-strtod.o)
                                  0xf (size before relaxing)
 .rodata.fpinan.0
                0x0800c950       0x14 C:/ST/STM32CubeIDE_2.0.0/STM32CubeIDE/plugins/com.st.stm32cube.ide.mcu.externaltools.gnu-tools-for-stm32.13.3.rel1.win32_1.0.100.202509120712/tools/bin/../lib/gcc/arm-none-eabi/13.3.1/../../../../arm-none-eabi/lib/thumb/v7e-m+fp/hard\libc_nano.a(libc_a-strtod.o)
 .rodata.fpi.1  0x0800c964       0x14 C:/ST/STM32CubeIDE_2.0.0/STM32CubeIDE/plugins/com.st.stm32cube.ide.mcu.externaltools.gnu-tools-for-stm32.13.3.rel1.win32_1.0.100.202509120712/tools/bin/../lib/gcc/arm-none-eabi/13.3.1/../../../../arm-none-eabi/lib/thumb/v7e-m+fp/hard\libc_nano.a(libc_a-strtod.o)
 .rodata.tinytens
                0x0800c978       0x28 C:/ST/STM32CubeIDE_2.0.0/STM32CubeIDE/plugins/com.st.stm32cube.ide.mcu.externaltools.gnu-tools-for-stm32.13.3.rel1.win32_1.0.100.202509120712/tools/bin/../lib/gcc/arm-none-eabi/13.3.1/../../../../arm-none-eabi/lib/thumb/v7e-m+fp/hard\libc_nano.a(libc_a-strtod.o)
 .rodata._ctype_
                0x0800c9a0      0x101 C:/ST/STM32CubeIDE_2.0.0/STM32CubeIDE/plugins/com.st.stm32cube.ide.mcu.externaltools.gnu-tools-for-stm32.13.3.rel1.win32_1.0.100.202509120712/tools/bin/../lib/gcc/arm-none-eabi/13.3.1/../../../../arm-none-eabi/lib/thumb/v7e-m+fp/hard\libc_nano.a(libc_a-ctype_.o)
                0x0800c9a0                _ctype_
 .rodata._svfprintf_r.str1.1
                0x0800caa1        0x0 C:/ST/STM32CubeIDE_2.0.0/STM32CubeIDE/plugins/com.st.stm32cube.ide.mcu.externaltools.gnu-tools-for-stm32.13.3.rel1.win32_1.0.100.202509120712/tools/bin/../lib/gcc/arm-none-eabi/13.3.1/../../../../arm-none-eabi/lib/thumb/v7e-m+fp/hard\libc_nano.a(libc_a-nano-svfprintf.o)
                                 0x11 (size before relaxing)
 .rodata._vfprintf_r.str1.1
                0x0800caa1        0x0 C:/ST/STM32CubeIDE_2.0.0/STM32CubeIDE/plugins/com.st.stm32cube.ide.mcu.externaltools.gnu-tools-for-stm32.13.3.rel1.win32_1.0.100.202509120712/tools/bin/../lib/gcc/arm-none-eabi/13.3.1/../../../../arm-none-eabi/lib/thumb/v7e-m+fp/hard\libc_nano.a(libc_a-nano-vfprintf.o)