../Core/Src/main.cpp:89:5:int main()	8	static
../Core/Src/main.cpp:156:6:void SystemClock_Config()	88	static
../Core/Src/main.cpp:207:7:int __io_putchar(int)	16	static
../Core/Src/main.cpp:217:6:void MPU_Config()	24	static
../Core/Src/main.cpp:249:17:void Error_Handler()	4	static,ignoring_inline_asm
../Core/Src/main.cpp:258:1:void __static_initialization_and_destruction_0()	48	static
../Core/Src/main.cpp:258:1:void __static_initialization_and_destruction_1()	8	static
../Core/Src/main.cpp:258:1:cpp)	8	static
../Core/Src/main.cpp:258:1:cpp)	8	static
